Name : test; Date : January 28, 2025, 11:30 am; Request Data : L903955|email:demo@demo.com|test|T|454494|4.00|INR|https://app.iritaq.info/user/user/response|FIRST_4.00_0.0||1234567890|2025-01-28|470|19872627|1002627522EVEKBG|7553380127SXSDQU||https://www.tpsl-india.in/PaymentGateway/TransactionDetailsNew.wsdl
Name : test; Date : January 28, 2025, 12:06 pm; Request Data : L903955|email:demo@demo.com|test|T|477728|4.00|INR|https://app.iritaq.info/user/user/response|FIRST_4.00_0.0||1234567890|2025-01-28|470|19872627|1002627522EVEKBG|7553380127SXSDQU||https://www.tpsl-india.in/PaymentGateway/TransactionDetailsNew.wsdl
Name : test; Date : January 28, 2025, 12:56 pm; Request Data : L903955|email:demo@demo.com|test|T|110140|4.00|INR|https://app.iritaq.info/user/user/response|FIRST_4.00_0.0||1234567890|2025-01-28|470|19872627|1002627522EVEKBG|7553380127SXSDQU||https://www.tpsl-india.in/PaymentGateway/TransactionDetailsNew.wsdl
Name : test; Date : January 28, 2025, 1:25 pm; Request Data : L903955|email:demo@demo.com|test|T|202869|4.00|INR|https://app.iritaq.info/user/user/response|FIRST_4.00_0.0||1234567890|2025-01-28|470|19872627|1002627522EVEKBG|7553380127SXSDQU||https://www.tpsl-india.in/PaymentGateway/TransactionDetailsNew.wsdl
Name : test; Date : January 28, 2025, 1:29 pm; Request Data : L903955|email:demo@demo.com|test|T|202869|4.00|INR|https://app.iritaq.info/user/user/response|FIRST_4.00_0.0||1234567890|2025-01-28|470|19872627|1002627522EVEKBG|7553380127SXSDQU||https://www.tpsl-india.in/PaymentGateway/TransactionDetailsNew.wsdl
Name : test; Date : January 28, 2025, 1:29 pm; Request Data : L903955|email:demo@demo.com|test|T|202869|4.00|INR|https://app.iritaq.info/user/user/response|FIRST_4.00_0.0||1234567890|2025-01-28|470|19872627|1002627522EVEKBG|7553380127SXSDQU||https://www.tpsl-india.in/PaymentGateway/TransactionDetailsNew.wsdl
Name : test; Date : January 28, 2025, 1:32 pm; Request Data : L903955|email:demo@demo.com|test|T|935421|4.00|INR|https://app.iritaq.info/user/user/response|FIRST_4.00_0.0||1234567890|2025-01-28|470|19872627|1002627522EVEKBG|7553380127SXSDQU||https://www.tpsl-india.in/PaymentGateway/TransactionDetailsNew.wsdl
Name : test; Date : January 28, 2025, 1:33 pm; Request Data : L903955|email:demo@demo.com|test|T|935421|4.00|INR|https://app.iritaq.info/user/user/response|FIRST_4.00_0.0||1234567890|2025-01-28|470|19872627|1002627522EVEKBG|7553380127SXSDQU||https://www.tpsl-india.in/PaymentGateway/TransactionDetailsNew.wsdl
Name : test; Date : January 28, 2025, 1:33 pm; Request Data : L903955|email:demo@demo.com|test|T|269246|4.00|INR|https://app.iritaq.info/user/user/response|FIRST_4.00_0.0||1234567890|2025-01-28|470|19872627|1002627522EVEKBG|7553380127SXSDQU||https://www.tpsl-india.in/PaymentGateway/TransactionDetailsNew.wsdl
Name : test; Date : January 28, 2025, 1:36 pm; Request Data : L903955|email:demo@demo.com|test|T|286508|4.00|INR|https://app.iritaq.info/user/user/response|FIRST_4.00_0.0||1234567890|2025-01-28|470|19872627|1002627522EVEKBG|7553380127SXSDQU||https://www.tpsl-india.in/PaymentGateway/TransactionDetailsNew.wsdl
Name : test; Date : January 28, 2025, 1:36 pm; Request Data : L903955|email:demo@demo.com|test|T|548271|NaN|INR|https://app.iritaq.info/user/user/response|FIRST_NaN_0.0||1234567890|2025-01-28|470|19872627|1002627522EVEKBG|7553380127SXSDQU||https://www.tpsl-india.in/PaymentGateway/TransactionDetailsNew.wsdl
Name : test; Date : January 28, 2025, 1:36 pm; Request Data : L903955|email:demo@demo.com|test|T|290315|NaN|INR|https://app.iritaq.info/user/user/response|FIRST_NaN_0.0||1234567890|2025-01-28|470|19872627|1002627522EVEKBG|7553380127SXSDQU||https://www.tpsl-india.in/PaymentGateway/TransactionDetailsNew.wsdl
Name : test; Date : January 28, 2025, 1:37 pm; Request Data : L903955|email:demo@demo.com|test|T|290315|NaN|INR|https://app.iritaq.info/user/user/response|FIRST_NaN_0.0||1234567890|2025-01-28|470|19872627|1002627522EVEKBG|7553380127SXSDQU||https://www.tpsl-india.in/PaymentGateway/TransactionDetailsNew.wsdl
Name : test; Date : January 28, 2025, 1:37 pm; Request Data : L903955|email:demo@demo.com|test|T|548271|NaN|INR|https://app.iritaq.info/user/user/response|FIRST_NaN_0.0||1234567890|2025-01-28|470|19872627|1002627522EVEKBG|7553380127SXSDQU||https://www.tpsl-india.in/PaymentGateway/TransactionDetailsNew.wsdl
Name : test; Date : January 28, 2025, 1:37 pm; Request Data : L903955|email:demo@demo.com|test|T|112192|4.00|INR|https://app.iritaq.info/user/user/response|FIRST_4.00_0.0||1234567890|2025-01-28|470|19872627|1002627522EVEKBG|7553380127SXSDQU||https://www.tpsl-india.in/PaymentGateway/TransactionDetailsNew.wsdl
Name : test; Date : January 28, 2025, 2:10 pm; Request Data : L903955|email:demo@demo.com|test|T|54998|500.00|INR|https://app.iritaq.info/entrance/home/response|FIRST_500.00_0.0||1234567890|2025-01-28|470|19872627|1002627522EVEKBG|7553380127SXSDQU||https://www.tpsl-india.in/PaymentGateway/TransactionDetailsNew.wsdl
Name : ; Date : January 28, 2025, 2:10 pm; Request Data : |||||500.00|||||||||1002627522EVEKBG|7553380127SXSDQU||
Name : ; Date : January 28, 2025, 2:11 pm; Request Data : |||||500.00|||||||||1002627522EVEKBG|7553380127SXSDQU||
Name : ; Date : January 28, 2025, 2:17 pm; Request Data : |||||500.00|||||||||1002627522EVEKBG|7553380127SXSDQU||
Name : ; Date : January 28, 2025, 2:22 pm; Request Data : |||||500.00|||||||||1002627522EVEKBG|7553380127SXSDQU||
Name : test; Date : January 28, 2025, 2:30 pm; Request Data : L903955|email:demo@demo.com|test|T|493923|4.00|INR|https://app.iritaq.info/user/user/response|FIRST_4.00_0.0||1234567890|2025-01-28|470|19872627|1002627522EVEKBG|7553380127SXSDQU||https://www.tpsl-india.in/PaymentGateway/TransactionDetailsNew.wsdl
Name : test; Date : January 28, 2025, 2:30 pm; Request Data : L903955|email:demo@demo.com|test|T|493923|4.00|INR|https://app.iritaq.info/user/user/response|FIRST_4.00_0.0||1234567890|2025-01-28|470|19872627|1002627522EVEKBG|7553380127SXSDQU||https://www.tpsl-india.in/PaymentGateway/TransactionDetailsNew.wsdl
Name : test; Date : January 28, 2025, 2:30 pm; Request Data : L903955|email:demo@demo.com|test|T|444221|NaN|INR|https://app.iritaq.info/user/user/response|FIRST_NaN_0.0||1234567890|2025-01-28|470|19872627|1002627522EVEKBG|7553380127SXSDQU||https://www.tpsl-india.in/PaymentGateway/TransactionDetailsNew.wsdl
Name : test; Date : January 28, 2025, 2:30 pm; Request Data : L903955|email:demo@demo.com|test|T|444221|NaN|INR|https://app.iritaq.info/user/user/response|FIRST_NaN_0.0||1234567890|2025-01-28|470|19872627|1002627522EVEKBG|7553380127SXSDQU||https://www.tpsl-india.in/PaymentGateway/TransactionDetailsNew.wsdl
Name : test; Date : January 28, 2025, 2:30 pm; Request Data : L903955|email:demo@demo.com|test|T|879135|4.00|INR|https://app.iritaq.info/user/user/response|FIRST_4.00_0.0||1234567890|2025-01-28|470|19872627|1002627522EVEKBG|7553380127SXSDQU||https://www.tpsl-india.in/PaymentGateway/TransactionDetailsNew.wsdl
Name : test; Date : January 28, 2025, 2:34 pm; Request Data : L903955|email:demo@demo.com|test|T|72861|4.00|INR|https://app.iritaq.info/user/user/response|FIRST_4.00_0.0||1234567890|2025-01-28|470|19872627|1002627522EVEKBG|7553380127SXSDQU||https://www.tpsl-india.in/PaymentGateway/TransactionDetailsNew.wsdl
Name : test; Date : January 28, 2025, 2:39 pm; Request Data : L903955|email:demo@demo.com|test|T|72861|4.00|INR|https://app.iritaq.info/user/user/response|FIRST_4.00_0.0||1234567890|2025-01-28|470|19872627|1002627522EVEKBG|7553380127SXSDQU||https://www.tpsl-india.in/PaymentGateway/TransactionDetailsNew.wsdl
Name : test; Date : January 28, 2025, 4:39 pm; Request Data : L903955|email:demo@demo.com|test|T|723644|4.00|INR|https://app.iritaq.info/user/user/response|FIRST_4.00_0.0||1234567890|2025-01-28|470|19872627|1002627522EVEKBG|7553380127SXSDQU||https://www.tpsl-india.in/PaymentGateway/TransactionDetailsNew.wsdl
