Name : ; Date : January 29, 2025, 9:32 am; Request Data : |||||500.00|||||||||1002627522EVEKBG|7553380127SXSDQU||
Name : ; Date : January 29, 2025, 9:33 am; Request Data : |||||500.00|||||||||1002627522EVEKBG|7553380127SXSDQU||
Name : ; Date : January 29, 2025, 9:35 am; Request Data : |||||500.00|||||||||1002627522EVEKBG|7553380127SXSDQU||
Name : ; Date : January 29, 2025, 9:35 am; Request Data : |||||500.00|||||||||1002627522EVEKBG|7553380127SXSDQU||
Name : ; Date : January 29, 2025, 9:36 am; Request Data : |||||500.00|||||||||1002627522EVEKBG|7553380127SXSDQU||
Name : ; Date : January 29, 2025, 9:40 am; Request Data : |||||500.00|||||||||1002627522EVEKBG|7553380127SXSDQU||
Name : ; Date : January 29, 2025, 9:42 am; Request Data : |||||500.00|||||||||1002627522EVEKBG|7553380127SXSDQU||
Name : ; Date : January 29, 2025, 9:43 am; Request Data : |||||500.00|||||||||1002627522EVEKBG|7553380127SXSDQU||
Name : ; Date : January 29, 2025, 9:43 am; Request Data : |||||500.00|||||||||1002627522EVEKBG|7553380127SXSDQU||
Name : test; Date : January 29, 2025, 9:44 am; Request Data : L903955|email:demo@demo.com|test|T|899606|500.00|INR|https://app.iritaq.info/entrance/home/response|FIRST_500.00_0.0|||2025-01-29|470|19872627|1002627522EVEKBG|7553380127SXSDQU||https://www.tpsl-india.in/PaymentGateway/TransactionDetailsNew.wsdl
Name : test; Date : January 29, 2025, 9:48 am; Request Data : L903955|email:demo@demo.com|test|T|818323|4.00|INR|https://app.iritaq.info/user/user/response|FIRST_4.00_0.0||1234567890|2025-01-29|470|19872627|1002627522EVEKBG|7553380127SXSDQU||https://www.tpsl-india.in/PaymentGateway/TransactionDetailsNew.wsdl
Name : test; Date : January 29, 2025, 9:48 am; Request Data : L903955|email:demo@demo.com|test|T|818323|4.00|INR|https://app.iritaq.info/user/user/response|FIRST_4.00_0.0||1234567890|2025-01-29|470|19872627|1002627522EVEKBG|7553380127SXSDQU||https://www.tpsl-india.in/PaymentGateway/TransactionDetailsNew.wsdl
Name : test; Date : January 29, 2025, 9:49 am; Request Data : 12121|email:demo@demo.com|test|T|98156|4.00|INR|https://app.iritaq.info/user/user/response|FIRST_4.00_0.0||1234567890|2025-01-29|470|19872627|1002627522EVEKBG|7553380127SXSDQU||https://www.tpsl-india.in/PaymentGateway/TransactionDetailsNew.wsdl
Name : test; Date : January 29, 2025, 9:50 am; Request Data : 12121|email:demo@demo.com|test|T|98156|4.00|INR|https://app.iritaq.info/user/user/response|FIRST_4.00_0.0||1234567890|2025-01-29|470|19872627|1002627522EVEKBG|7553380127SXSDQU||https://www.tpsl-india.in/PaymentGateway/TransactionDetailsNew.wsdl
Name : test; Date : January 29, 2025, 9:53 am; Request Data : L903955|email:demo@demo.com|test|T|51693|4.00|INR|https://app.iritaq.info/user/user/response|FIRST_4.00_0.0||1234567890|2025-01-29|470|19872627|1002627522EVEKBG|7553380127SXSDQU||https://www.tpsl-india.in/PaymentGateway/TransactionDetailsNew.wsdl
Name : ; Date : January 29, 2025, 9:54 am; Request Data : |||||500.00|||||||||1002627522EVEKBG|7553380127SXSDQU||
Name : ; Date : January 29, 2025, 9:56 am; Request Data : |||||500.00|||||||||1002627522EVEKBG|7553380127SXSDQU||
Name : ; Date : January 29, 2025, 9:57 am; Request Data : |||||500.00|||||||||1002627522EVEKBG|7553380127SXSDQU||
Name : ; Date : January 29, 2025, 10:02 am; Request Data : |||||500.00|||||||||1002627522EVEKBG|7553380127SXSDQU||
Name : ; Date : January 29, 2025, 10:02 am; Request Data : |||||500.00|||||||||1002627522EVEKBG|7553380127SXSDQU||
Name : test; Date : January 29, 2025, 10:03 am; Request Data : L903955|email:demo@demo.com|test|T|482324|500.00|INR|https://app.iritaq.info/entrance/home/response|FIRST_500.00_0.0|||2025-01-29|470|19872627|1002627522EVEKBG|7553380127SXSDQU||https://www.tpsl-india.in/PaymentGateway/TransactionDetailsNew.wsdl
Name : test; Date : January 29, 2025, 10:06 am; Request Data : L903955|email:demo@demo.com|test|T|482324|500.00|INR|https://app.iritaq.info/entrance/home/response|FIRST_500.00_0.0|||2025-01-29|470|19872627|1002627522EVEKBG|7553380127SXSDQU||https://www.tpsl-india.in/PaymentGateway/TransactionDetailsNew.wsdl
Name : ; Date : January 29, 2025, 10:06 am; Request Data : |||||500.00|||||||||1002627522EVEKBG|7553380127SXSDQU||
Name : test; Date : January 29, 2025, 10:06 am; Request Data : L903955|email:demo@demo.com|test|T|673124|500.00|INR|https://app.iritaq.info/entrance/home/response|FIRST_500.00_0.0|||2025-01-29|470|19872627|1002627522EVEKBG|7553380127SXSDQU||https://www.tpsl-india.in/PaymentGateway/TransactionDetailsNew.wsdl
Name : test; Date : January 29, 2025, 10:07 am; Request Data : L903955|email:demo@demo.com|test|T|673124|500.00|INR|https://app.iritaq.info/entrance/home/response|FIRST_500.00_0.0|||2025-01-29|470|19872627|1002627522EVEKBG|7553380127SXSDQU||https://www.tpsl-india.in/PaymentGateway/TransactionDetailsNew.wsdl
Name : test; Date : January 29, 2025, 10:07 am; Request Data : L903955|email:demo@demo.com|test|T|871496|500.00|INR|https://app.iritaq.info/entrance/home/response|FIRST_500.00_0.0|||2025-01-29|470|19872627|1002627522EVEKBG|7553380127SXSDQU||https://www.tpsl-india.in/PaymentGateway/TransactionDetailsNew.wsdl
Name : test; Date : January 29, 2025, 10:07 am; Request Data : L903955|email:demo@demo.com|test|T|673124|500.00|INR|https://app.iritaq.info/entrance/home/response|FIRST_500.00_0.0|||2025-01-29|470|19872627|1002627522EVEKBG|7553380127SXSDQU||https://www.tpsl-india.in/PaymentGateway/TransactionDetailsNew.wsdl
Name : ; Date : January 29, 2025, 10:08 am; Request Data : |||||500.00|||||||||1002627522EVEKBG|7553380127SXSDQU||
Name : ; Date : January 29, 2025, 10:10 am; Request Data : |||||500.00|||||||||1002627522EVEKBG|7553380127SXSDQU||
Name : ; Date : January 29, 2025, 10:10 am; Request Data : |||||500.00|||||||||1002627522EVEKBG|7553380127SXSDQU||
Name : ; Date : January 29, 2025, 10:13 am; Request Data : |||||500.00|||||||||1002627522EVEKBG|7553380127SXSDQU||
Name : ; Date : January 29, 2025, 10:15 am; Request Data : |||||500.00|||||||||1002627522EVEKBG|7553380127SXSDQU||
Name : ; Date : January 29, 2025, 10:16 am; Request Data : |||||500.00|||||||||1002627522EVEKBG|7553380127SXSDQU||
Name : ; Date : January 29, 2025, 10:16 am; Request Data : |||||500.00|||||||||1002627522EVEKBG|7553380127SXSDQU||
Name : ; Date : January 29, 2025, 10:16 am; Request Data : |||||500.00|||||||||1002627522EVEKBG|7553380127SXSDQU||
Name : ; Date : January 29, 2025, 10:16 am; Request Data : |||||500.00|||||||||1002627522EVEKBG|7553380127SXSDQU||
Name : ; Date : January 29, 2025, 10:19 am; Request Data : |||||500.00|||||||||1002627522EVEKBG|7553380127SXSDQU||
Name : ; Date : January 29, 2025, 10:20 am; Request Data : |||||500.00|||||||||1002627522EVEKBG|7553380127SXSDQU||
Name : ; Date : January 29, 2025, 10:20 am; Request Data : |||||500.00|||||||||1002627522EVEKBG|7553380127SXSDQU||
Name : ; Date : January 29, 2025, 10:22 am; Request Data : |||||500.00|||||||||1002627522EVEKBG|7553380127SXSDQU||
Name : ; Date : January 29, 2025, 10:23 am; Request Data : |||||500.00|||||||||1002627522EVEKBG|7553380127SXSDQU||
Name : ; Date : January 29, 2025, 10:23 am; Request Data : |||||500.00|||||||||1002627522EVEKBG|7553380127SXSDQU||
Name : ; Date : January 29, 2025, 10:24 am; Request Data : |||||||||||||||||NA
Name : ; Date : January 29, 2025, 10:24 am; Request Data : |||||||||||||||||NA
Name : ; Date : January 29, 2025, 10:25 am; Request Data : |||||||||||||||||NA
Name : ; Date : January 29, 2025, 10:25 am; Request Data : |||||||||||||||||NA
Name : ; Date : January 29, 2025, 10:26 am; Request Data : |||||||||||||||||NA
Name : ; Date : January 29, 2025, 10:26 am; Request Data : |||||||||||||||||NA
Name : test; Date : January 29, 2025, 10:29 am; Request Data : L903955|email:demo@demo.com|test|T|768813|500.00|INR|https://app.iritaq.info/entrance/home/response|FIRST_500.00_0.0|||2025-01-29|470|19872627|1002627522EVEKBG|7553380127SXSDQU||https://www.tpsl-india.in/PaymentGateway/TransactionDetailsNew.wsdl
Name : test; Date : January 29, 2025, 10:29 am; Request Data : L903955|email:demo@demo.com|test|T|861967|500.00|INR|https://app.iritaq.info/entrance/home/response|FIRST_500.00_0.0|||2025-01-29|470|19872627|1002627522EVEKBG|7553380127SXSDQU||https://www.tpsl-india.in/PaymentGateway/TransactionDetailsNew.wsdl
Name : test; Date : January 29, 2025, 10:31 am; Request Data : L903955|email:demo@demo.com|test|T|861967|500.00|INR|https://app.iritaq.info/entrance/home/response|FIRST_500.00_0.0|||2025-01-29|470|19872627|1002627522EVEKBG|7553380127SXSDQU||https://www.tpsl-india.in/PaymentGateway/TransactionDetailsNew.wsdl
Name : test; Date : January 29, 2025, 10:31 am; Request Data : L903955|email:demo@demo.com|test|T|199460|500.00|INR|https://app.iritaq.info/entrance/home/response|FIRST_500.00_0.0|||2025-01-29|470|19872627|1002627522EVEKBG|7553380127SXSDQU||https://www.tpsl-india.in/PaymentGateway/TransactionDetailsNew.wsdl
Name : test; Date : January 29, 2025, 10:32 am; Request Data : L903955|email:demo@demo.com|test|T|861967|500.00|INR|https://app.iritaq.info/entrance/home/response|FIRST_500.00_0.0|||2025-01-29|470|19872627|1002627522EVEKBG|7553380127SXSDQU||https://www.tpsl-india.in/PaymentGateway/TransactionDetailsNew.wsdl
Name : ; Date : January 29, 2025, 10:32 am; Request Data : |||||500.00|||||||||1002627522EVEKBG|7553380127SXSDQU||
Name : ; Date : January 29, 2025, 10:32 am; Request Data : |||||500.00|||||||||1002627522EVEKBG|7553380127SXSDQU||
Name : ; Date : January 29, 2025, 10:33 am; Request Data : |||||500.00|||||||||1002627522EVEKBG|7553380127SXSDQU||
Name : ; Date : January 29, 2025, 10:33 am; Request Data : |||||500.00|||||||||1002627522EVEKBG|7553380127SXSDQU||
Name : ; Date : January 29, 2025, 10:33 am; Request Data : |||||500.00|||||||||1002627522EVEKBG|7553380127SXSDQU||
Name : ; Date : January 29, 2025, 10:34 am; Request Data : |||||500.00|||||||||1002627522EVEKBG|7553380127SXSDQU||
Name : ; Date : January 29, 2025, 10:35 am; Request Data : |||||500.00|||||||||1002627522EVEKBG|7553380127SXSDQU||
Name : ; Date : January 29, 2025, 10:35 am; Request Data : |||||500.00|||||||||1002627522EVEKBG|7553380127SXSDQU||
Name : ; Date : January 29, 2025, 10:36 am; Request Data : |||||500.00|||||||||1002627522EVEKBG|7553380127SXSDQU||
Name : test; Date : January 29, 2025, 10:36 am; Request Data : L903955|email:demo@demo.com|test|T|796969|500.00|INR|https://app.iritaq.info/entrance/home/response|FIRST_500.00_0.0|||2025-01-29|470|19872627|1002627522EVEKBG|7553380127SXSDQU||https://www.tpsl-india.in/PaymentGateway/TransactionDetailsNew.wsdl
Name : ; Date : January 29, 2025, 10:37 am; Request Data : |||||500.00|||||||||1002627522EVEKBG|7553380127SXSDQU||
Name : test; Date : January 29, 2025, 10:37 am; Request Data : L903955|email:demo@demo.com|test|T|845764|500.00|INR|https://app.iritaq.info/entrance/home/response|FIRST_500.00_0.0|||2025-01-29|470|19872627|1002627522EVEKBG|7553380127SXSDQU||https://www.tpsl-india.in/PaymentGateway/TransactionDetailsNew.wsdl
Name : ; Date : January 29, 2025, 10:38 am; Request Data : |||||500.00|||||||||1002627522EVEKBG|7553380127SXSDQU||
Name : ; Date : January 29, 2025, 10:39 am; Request Data : |||||500.00|||||||||1002627522EVEKBG|7553380127SXSDQU||
Name : ; Date : January 29, 2025, 10:39 am; Request Data : |||||500.00|||||||||1002627522EVEKBG|7553380127SXSDQU||
Name : ; Date : January 29, 2025, 10:40 am; Request Data : |||||500.00|||||||||1002627522EVEKBG|7553380127SXSDQU||
Name : ; Date : January 29, 2025, 10:41 am; Request Data : |||||500.00|||||||||1002627522EVEKBG|7553380127SXSDQU||
Name : test; Date : January 29, 2025, 10:41 am; Request Data : L903955|email:demo@demo.com|test|T|843836|500.00|INR|https://app.iritaq.info/entrance/home/response|FIRST_500.00_0.0|||2025-01-29|470|19872627|1002627522EVEKBG|7553380127SXSDQU||https://www.tpsl-india.in/PaymentGateway/TransactionDetailsNew.wsdl
Name : test; Date : January 29, 2025, 10:41 am; Request Data : L903955|email:demo@demo.com|test|T|843836|500.00|INR|https://app.iritaq.info/entrance/home/response|FIRST_500.00_0.0|||2025-01-29|470|19872627|1002627522EVEKBG|7553380127SXSDQU||https://www.tpsl-india.in/PaymentGateway/TransactionDetailsNew.wsdl
Name : ; Date : January 29, 2025, 10:41 am; Request Data : |||||500.00|||||||||1002627522EVEKBG|7553380127SXSDQU||
Name : ; Date : January 29, 2025, 10:42 am; Request Data : |||||500.00|||||||||1002627522EVEKBG|7553380127SXSDQU||
Name : ; Date : January 29, 2025, 10:42 am; Request Data : |||||500.00|||||||||1002627522EVEKBG|7553380127SXSDQU||
Name : ; Date : January 29, 2025, 10:42 am; Request Data : |||||500.00|||||||||1002627522EVEKBG|7553380127SXSDQU||
Name : test; Date : January 29, 2025, 10:42 am; Request Data : L903955|email:demo@demo.com|test|T|190330|500.00|INR|https://app.iritaq.info/entrance/home/response|FIRST_500.00_0.0|||2025-01-29|470|19872627|1002627522EVEKBG|7553380127SXSDQU||https://www.tpsl-india.in/PaymentGateway/TransactionDetailsNew.wsdl
Name : ; Date : January 29, 2025, 10:43 am; Request Data : |||||500.00|||||||||1002627522EVEKBG|7553380127SXSDQU||
Name : test; Date : January 29, 2025, 10:44 am; Request Data : L903955|email:demo@demo.com|test|T|400482|500.00|INR|https://app.iritaq.info/entrance/home/response|FIRST_500.00_0.0|||2025-01-29|470|19872627|1002627522EVEKBG|7553380127SXSDQU||https://www.tpsl-india.in/PaymentGateway/TransactionDetailsNew.wsdl
Name : test; Date : January 29, 2025, 10:45 am; Request Data : L903955|email:demo@demo.com|test|T|400482|500.00|INR|https://app.iritaq.info/entrance/home/response|FIRST_500.00_0.0|||2025-01-29|470|19872627|1002627522EVEKBG|7553380127SXSDQU||https://www.tpsl-india.in/PaymentGateway/TransactionDetailsNew.wsdl
Name : ; Date : January 29, 2025, 10:45 am; Request Data : |||||500.00|||||||||1002627522EVEKBG|7553380127SXSDQU||
Name : ; Date : January 29, 2025, 10:45 am; Request Data : |||||500.00|||||||||1002627522EVEKBG|7553380127SXSDQU||
Name : ; Date : January 29, 2025, 10:46 am; Request Data : |||||500.00|||||||||1002627522EVEKBG|7553380127SXSDQU||
Name : ; Date : January 29, 2025, 10:47 am; Request Data : |||||500.00|||||||||1002627522EVEKBG|7553380127SXSDQU||
Name : ; Date : January 29, 2025, 10:47 am; Request Data : |||||500.00|||||||||1002627522EVEKBG|7553380127SXSDQU||
Name : ; Date : January 29, 2025, 10:47 am; Request Data : |||||500.00|||||||||1002627522EVEKBG|7553380127SXSDQU||
Name : ; Date : January 29, 2025, 10:48 am; Request Data : |||||500.00|||||||||1002627522EVEKBG|7553380127SXSDQU||
Name : test; Date : January 29, 2025, 10:48 am; Request Data : L903955|email:demo@demo.com|test|T|224958|500.00|INR|https://app.iritaq.info/entrance/home/response|FIRST_500.00_0.0|||2025-01-29|470|19872627|1002627522EVEKBG|7553380127SXSDQU||https://www.tpsl-india.in/PaymentGateway/TransactionDetailsNew.wsdl
Name : test; Date : January 29, 2025, 10:49 am; Request Data : L903955|email:demo@demo.com|test|T|224958|500.00|INR|https://app.iritaq.info/entrance/home/response|FIRST_500.00_0.0|||2025-01-29|470|19872627|1002627522EVEKBG|7553380127SXSDQU||https://www.tpsl-india.in/PaymentGateway/TransactionDetailsNew.wsdl
Name : ; Date : January 29, 2025, 10:49 am; Request Data : |||||500.00|||||||||1002627522EVEKBG|7553380127SXSDQU||
Name : ; Date : January 29, 2025, 10:49 am; Request Data : |||||500.00|||||||||1002627522EVEKBG|7553380127SXSDQU||
Name : test; Date : January 29, 2025, 10:49 am; Request Data : L903955|email:demo@demo.com|test|T|82677|500.00|INR|https://app.iritaq.info/entrance/home/response|FIRST_500.00_0.0|||2025-01-29|470|19872627|1002627522EVEKBG|7553380127SXSDQU||https://www.tpsl-india.in/PaymentGateway/TransactionDetailsNew.wsdl
Name : test; Date : January 29, 2025, 10:51 am; Request Data : L903955|email:demo@demo.com|test|T|82677|500.00|INR|https://app.iritaq.info/entrance/home/response|FIRST_500.00_0.0|||2025-01-29|470|19872627|1002627522EVEKBG|7553380127SXSDQU||https://www.tpsl-india.in/PaymentGateway/TransactionDetailsNew.wsdl
Name : ; Date : January 29, 2025, 10:51 am; Request Data : |||||500.00|||||||||1002627522EVEKBG|7553380127SXSDQU||
Name : ; Date : January 29, 2025, 10:51 am; Request Data : |||||500.00|||||||||1002627522EVEKBG|7553380127SXSDQU||
Name : test; Date : January 29, 2025, 10:51 am; Request Data : L903955|email:demo@demo.com|test|T|199448|500.00|INR|https://app.iritaq.info/entrance/home/response|FIRST_500.00_0.0|||2025-01-29|470|19872627|1002627522EVEKBG|7553380127SXSDQU||https://www.tpsl-india.in/PaymentGateway/TransactionDetailsNew.wsdl
Name : test; Date : January 29, 2025, 10:52 am; Request Data : L903955|email:demo@demo.com|test|T|303112|500.00|INR|https://app.iritaq.info/entrance/home/response|FIRST_500.00_0.0|||2025-01-29|470|19872627|1002627522EVEKBG|7553380127SXSDQU||https://www.tpsl-india.in/PaymentGateway/TransactionDetailsNew.wsdl
Name : test; Date : January 29, 2025, 10:52 am; Request Data : L903955|email:demo@demo.com|test|T|490938|500.00|INR|https://app.iritaq.info/entrance/home/response|FIRST_500.00_0.0|||2025-01-29|470|19872627|1002627522EVEKBG|7553380127SXSDQU||https://www.tpsl-india.in/PaymentGateway/TransactionDetailsNew.wsdl
Name : test; Date : January 29, 2025, 10:52 am; Request Data : L903955|email:demo@demo.com|test|T|898553|500.00|INR|https://app.iritaq.info/entrance/home/response|FIRST_500.00_0.0|||2025-01-29|470|19872627|1002627522EVEKBG|7553380127SXSDQU||https://www.tpsl-india.in/PaymentGateway/TransactionDetailsNew.wsdl
Name : test; Date : January 29, 2025, 10:53 am; Request Data : L903955|email:demo@demo.com|test|T|490938|500.00|INR|https://app.iritaq.info/entrance/home/response|FIRST_500.00_0.0|||2025-01-29|470|19872627|1002627522EVEKBG|7553380127SXSDQU||https://www.tpsl-india.in/PaymentGateway/TransactionDetailsNew.wsdl
Name : test; Date : January 29, 2025, 10:53 am; Request Data : L903955|email:demo@demo.com|test|T|907773|NaN|INR|https://app.iritaq.info/entrance/home/response|FIRST_NaN_0.0|||2025-01-29|470|19872627|1002627522EVEKBG|7553380127SXSDQU||https://www.tpsl-india.in/PaymentGateway/TransactionDetailsNew.wsdl
Name : test; Date : January 29, 2025, 10:58 am; Request Data : L903955|email:demo@demo.com|test|T|796969|500.00|INR|https://app.iritaq.info/entrance/home/response|FIRST_500.00_0.0|||2025-01-29|470|19872627|1002627522EVEKBG|7553380127SXSDQU||https://www.tpsl-india.in/PaymentGateway/TransactionDetailsNew.wsdl
Name : test; Date : January 29, 2025, 10:58 am; Request Data : L903955|email:demo@demo.com|test|T|232866|500.00|INR|https://app.iritaq.info/entrance/home/response|FIRST_500.00_0.0|||2025-01-29|470|19872627|1002627522EVEKBG|7553380127SXSDQU||https://www.tpsl-india.in/PaymentGateway/TransactionDetailsNew.wsdl
Name : test; Date : January 29, 2025, 10:59 am; Request Data : L903955|email:demo@demo.com|test|T|110852|NaN|INR|https://app.iritaq.info/entrance/home/response|FIRST_NaN_0.0|||2025-01-29|470|19872627|1002627522EVEKBG|7553380127SXSDQU||https://www.tpsl-india.in/PaymentGateway/TransactionDetailsNew.wsdl
Name : test; Date : January 29, 2025, 10:59 am; Request Data : L903955|email:demo@demo.com|test|T|110852|NaN|INR|https://app.iritaq.info/entrance/home/response|FIRST_NaN_0.0|||2025-01-29|470|19872627|1002627522EVEKBG|7553380127SXSDQU||https://www.tpsl-india.in/PaymentGateway/TransactionDetailsNew.wsdl
Name : test; Date : January 29, 2025, 10:59 am; Request Data : L903955|email:demo@demo.com|test|T|237110|NaN|INR|https://app.iritaq.info/entrance/home/response|FIRST_NaN_0.0|||2025-01-29|470|19872627|1002627522EVEKBG|7553380127SXSDQU||https://www.tpsl-india.in/PaymentGateway/TransactionDetailsNew.wsdl
Name : test; Date : January 29, 2025, 11:01 am; Request Data : L903955|email:demo@demo.com|test|T|111474|NaN|INR|https://app.iritaq.info/entrance/home/response|FIRST_NaN_0.0|||2025-01-29|470|19872627|1002627522EVEKBG|7553380127SXSDQU||https://www.tpsl-india.in/PaymentGateway/TransactionDetailsNew.wsdl
Name : ; Date : January 29, 2025, 11:20 am; Request Data : |||||500.00|||||||||1002627522EVEKBG|7553380127SXSDQU||
Name : ; Date : January 29, 2025, 11:20 am; Request Data : |||||500.00|||||||||1002627522EVEKBG|7553380127SXSDQU||
Name : ; Date : January 29, 2025, 11:24 am; Request Data : |||||500.00|||||||||1002627522EVEKBG|7553380127SXSDQU||
Name : ; Date : January 29, 2025, 11:26 am; Request Data : |||||500.00|||||||||1002627522EVEKBG|7553380127SXSDQU||
Name : test; Date : January 29, 2025, 11:26 am; Request Data : L903955|email:demo@demo.com|test|T|442608|500.00|INR|https://app.iritaq.info/entrance/home/response|FIRST_500.00_0.0|||2025-01-29|470|19872627|1002627522EVEKBG|7553380127SXSDQU||https://www.tpsl-india.in/PaymentGateway/TransactionDetailsNew.wsdl
Name : ; Date : January 29, 2025, 11:27 am; Request Data : |||||500.00|||||||||1002627522EVEKBG|7553380127SXSDQU||
Name : test; Date : January 29, 2025, 11:27 am; Request Data : L903955|email:demo@demo.com|test|T|15449|500.00|INR|https://app.iritaq.info/entrance/home/response|FIRST_500.00_0.0|||2025-01-29|470|19872627|1002627522EVEKBG|7553380127SXSDQU||https://www.tpsl-india.in/PaymentGateway/TransactionDetailsNew.wsdl
Name : test; Date : January 29, 2025, 11:28 am; Request Data : L903955|email:demo@demo.com|test|T|15449|500.00|INR|https://app.iritaq.info/entrance/home/response|FIRST_500.00_0.0|||2025-01-29|470|19872627|1002627522EVEKBG|7553380127SXSDQU||https://www.tpsl-india.in/PaymentGateway/TransactionDetailsNew.wsdl
Name : ; Date : January 29, 2025, 11:28 am; Request Data : |||||500.00|||||||||1002627522EVEKBG|7553380127SXSDQU||
Name : test; Date : January 29, 2025, 11:28 am; Request Data : L903955|email:demo@demo.com|test|T|36650|500.00|INR|https://app.iritaq.info/entrance/home/response|FIRST_500.00_0.0|||2025-01-29|470|19872627|1002627522EVEKBG|7553380127SXSDQU||https://www.tpsl-india.in/PaymentGateway/TransactionDetailsNew.wsdl
Name : test; Date : January 29, 2025, 11:30 am; Request Data : L903955|email:demo@demo.com|test|T|166066|500.00|INR|https://app.iritaq.info/entrance/home/response|FIRST_500.00_0.0|||2025-01-29|470|19872627|1002627522EVEKBG|7553380127SXSDQU||https://www.tpsl-india.in/PaymentGateway/TransactionDetailsNew.wsdl
Name : test; Date : January 29, 2025, 11:32 am; Request Data : L903955|email:demo@demo.com|test|T|166066|500.00|INR|https://app.iritaq.info/entrance/home/response|FIRST_500.00_0.0|||2025-01-29|470|19872627|1002627522EVEKBG|7553380127SXSDQU||https://www.tpsl-india.in/PaymentGateway/TransactionDetailsNew.wsdl
Name : test; Date : January 29, 2025, 11:32 am; Request Data : L903955|email:demo@demo.com|test|T|906237|NaN|INR|https://app.iritaq.info/entrance/home/response|FIRST_NaN_0.0|||2025-01-29|470|19872627|1002627522EVEKBG|7553380127SXSDQU||https://www.tpsl-india.in/PaymentGateway/TransactionDetailsNew.wsdl
Name : test; Date : January 29, 2025, 11:32 am; Request Data : L903955|email:demo@demo.com|test|T|254546|NaN|INR|https://app.iritaq.info/entrance/home/response|FIRST_NaN_0.0|||2025-01-29|470|19872627|1002627522EVEKBG|7553380127SXSDQU||https://www.tpsl-india.in/PaymentGateway/TransactionDetailsNew.wsdl
Name : ; Date : January 29, 2025, 11:33 am; Request Data : |||||500.00|||||||||1002627522EVEKBG|7553380127SXSDQU||
Name : ; Date : January 29, 2025, 11:34 am; Request Data : |||||500.00|||||||||1002627522EVEKBG|7553380127SXSDQU||
Name : ; Date : January 29, 2025, 11:35 am; Request Data : |||||500.00|||||||||1002627522EVEKBG|7553380127SXSDQU||
Name : ; Date : January 29, 2025, 11:39 am; Request Data : |||||500.00|||||||||1002627522EVEKBG|7553380127SXSDQU||
Name : ; Date : January 29, 2025, 11:54 am; Request Data : |||||500.00|||||||||1002627522EVEKBG|7553380127SXSDQU||
Name : test; Date : January 29, 2025, 11:54 am; Request Data : L903955|email:demo@demo.com|test|T|1981|500.00|INR|https://app.iritaq.info/entrance/home/response|FIRST_500.00_0.0|||2025-01-29|470|19872627|1002627522EVEKBG|7553380127SXSDQU||https://www.tpsl-india.in/PaymentGateway/TransactionDetailsNew.wsdl
Name : ; Date : January 29, 2025, 11:54 am; Request Data : |||||500.00|||||||||1002627522EVEKBG|7553380127SXSDQU||
Name : test; Date : January 29, 2025, 11:54 am; Request Data : L903955|email:demo@demo.com|test|T|1981|500.00|INR|https://app.iritaq.info/entrance/home/response|FIRST_500.00_0.0|||2025-01-29|470|19872627|1002627522EVEKBG|7553380127SXSDQU||https://www.tpsl-india.in/PaymentGateway/TransactionDetailsNew.wsdl
Name : ; Date : January 29, 2025, 11:54 am; Request Data : |||||500.00|||||||||1002627522EVEKBG|7553380127SXSDQU||
Name : test; Date : January 29, 2025, 11:55 am; Request Data : L903955|email:demo@demo.com|test|T|1981|500.00|INR|https://app.iritaq.info/entrance/home/response|FIRST_500.00_0.0|||2025-01-29|470|19872627|1002627522EVEKBG|7553380127SXSDQU||https://www.tpsl-india.in/PaymentGateway/TransactionDetailsNew.wsdl
Name : ; Date : January 29, 2025, 11:55 am; Request Data : |||||500.00|||||||||1002627522EVEKBG|7553380127SXSDQU||
Name : test; Date : January 29, 2025, 11:55 am; Request Data : L903955|email:demo@demo.com|test|T|1981|500.00|INR|https://app.iritaq.info/entrance/home/response|FIRST_500.00_0.0|||2025-01-29|470|19872627|1002627522EVEKBG|7553380127SXSDQU||https://www.tpsl-india.in/PaymentGateway/TransactionDetailsNew.wsdl
Name : test; Date : January 29, 2025, 11:55 am; Request Data : L903955|email:demo@demo.com|test|T|1981|500.00|INR|https://app.iritaq.info/entrance/home/response|FIRST_500.00_0.0|||2025-01-29|470|19872627|1002627522EVEKBG|7553380127SXSDQU||https://www.tpsl-india.in/PaymentGateway/TransactionDetailsNew.wsdl
Name : ; Date : January 29, 2025, 11:56 am; Request Data : |||||500.00|||||||||1002627522EVEKBG|7553380127SXSDQU||
Name : ; Date : January 29, 2025, 11:56 am; Request Data : |||||500.00|||||||||1002627522EVEKBG|7553380127SXSDQU||
Name : test; Date : January 29, 2025, 11:56 am; Request Data : L903955|email:demo@demo.com|test|T|1981|500.00|INR|https://app.iritaq.info/entrance/home/response|FIRST_500.00_0.0|||2025-01-29|470|19872627|1002627522EVEKBG|7553380127SXSDQU||https://www.tpsl-india.in/PaymentGateway/TransactionDetailsNew.wsdl
Name : test; Date : January 29, 2025, 11:56 am; Request Data : L903955|email:demo@demo.com|test|T|1981|500.00|INR|https://app.iritaq.info/entrance/home/response|FIRST_500.00_0.0|||2025-01-29|470|19872627|1002627522EVEKBG|7553380127SXSDQU||https://www.tpsl-india.in/PaymentGateway/TransactionDetailsNew.wsdl
Name : ; Date : January 29, 2025, 11:56 am; Request Data : |||||500.00|||||||||1002627522EVEKBG|7553380127SXSDQU||
Name : ; Date : January 29, 2025, 11:58 am; Request Data : |||||500.00|||||||||1002627522EVEKBG|7553380127SXSDQU||
Name : test; Date : January 29, 2025, 11:58 am; Request Data : L903955|email:demo@demo.com|test|T|984663|NaN|INR|https://app.iritaq.info/entrance/home/response|FIRST_NaN_0.0|||2025-01-29|470|19872627|1002627522EVEKBG|7553380127SXSDQU||https://www.tpsl-india.in/PaymentGateway/TransactionDetailsNew.wsdl
Name : test; Date : January 29, 2025, 11:58 am; Request Data : L903955|email:demo@demo.com|test|T|1981|500.00|INR|https://app.iritaq.info/entrance/home/response|FIRST_500.00_0.0|||2025-01-29|470|19872627|1002627522EVEKBG|7553380127SXSDQU||https://www.tpsl-india.in/PaymentGateway/TransactionDetailsNew.wsdl
Name : test; Date : January 29, 2025, 11:58 am; Request Data : L903955|email:demo@demo.com|test|T|1981|500.00|INR|https://app.iritaq.info/entrance/home/response|FIRST_500.00_0.0|||2025-01-29|470|19872627|1002627522EVEKBG|7553380127SXSDQU||https://www.tpsl-india.in/PaymentGateway/TransactionDetailsNew.wsdl
Name : test; Date : January 29, 2025, 12:06 pm; Request Data : L903955|email:demo@demo.com|test|T|1981|500.00|INR|https://app.iritaq.info/entrance/home/response|FIRST_500.00_0.0|||2025-01-29|470|19872627|1002627522EVEKBG|7553380127SXSDQU||https://www.tpsl-india.in/PaymentGateway/TransactionDetailsNew.wsdl
Name : ; Date : January 29, 2025, 12:07 pm; Request Data : |||||500.00|||||||||1002627522EVEKBG|7553380127SXSDQU||
Name : ; Date : January 29, 2025, 12:07 pm; Request Data : |||||500.00|||||||||1002627522EVEKBG|7553380127SXSDQU||
Name : test; Date : January 29, 2025, 12:07 pm; Request Data : L903955|email:demo@demo.com|test|T|897669|500.00|INR|https://app.iritaq.info/entrance/home/response|FIRST_500.00_0.0|||2025-01-29|470|19872627|1002627522EVEKBG|7553380127SXSDQU||https://www.tpsl-india.in/PaymentGateway/TransactionDetailsNew.wsdl
Name : test; Date : January 29, 2025, 12:10 pm; Request Data : L903955|email:demo@demo.com|test|T|389147|4.00|INR|https://app.iritaq.info/user/user/response|FIRST_4.00_0.0||1234567890|2025-01-29|470|19872627|1002627522EVEKBG|7553380127SXSDQU||https://www.tpsl-india.in/PaymentGateway/TransactionDetailsNew.wsdl
Name : test; Date : January 29, 2025, 12:13 pm; Request Data : L903955|email:demo@demo.com|test|T|271483|4.00|INR|https://app.iritaq.info/user/user/response|FIRST_4.00_0.0||1234567890|2025-01-29|470|19872627|1002627522EVEKBG|7553380127SXSDQU||https://www.tpsl-india.in/PaymentGateway/TransactionDetailsNew.wsdl
Name : test; Date : January 29, 2025, 12:14 pm; Request Data : L903955|email:demo@demo.com|test|T|897669|500.00|INR|https://app.iritaq.info/entrance/home/response|FIRST_500.00_0.0|||2025-01-29|470|19872627|1002627522EVEKBG|7553380127SXSDQU||https://www.tpsl-india.in/PaymentGateway/TransactionDetailsNew.wsdl
Name : ; Date : January 29, 2025, 12:14 pm; Request Data : |||||500.00|||||||||1002627522EVEKBG|7553380127SXSDQU||
Name : test; Date : January 29, 2025, 12:15 pm; Request Data : L903955|email:demo@demo.com|test|T|593316|500.00|INR|https://app.iritaq.info/entrance/home/response|FIRST_500.00_0.0|||2025-01-29|470|19872627|1002627522EVEKBG|7553380127SXSDQU||https://www.tpsl-india.in/PaymentGateway/TransactionDetailsNew.wsdl
Name : test; Date : January 29, 2025, 12:18 pm; Request Data : L903955|email:demo@demo.com|test|T|593316|500.00|INR|https://app.iritaq.info/entrance/home/response|FIRST_500.00_0.0|||2025-01-29|470|19872627|1002627522EVEKBG|7553380127SXSDQU||https://www.tpsl-india.in/PaymentGateway/TransactionDetailsNew.wsdl
Name : ; Date : January 29, 2025, 12:18 pm; Request Data : |||||500.00|||||||||1002627522EVEKBG|7553380127SXSDQU||
Name : ; Date : January 29, 2025, 12:19 pm; Request Data : |||||500.00|||||||||1002627522EVEKBG|7553380127SXSDQU||
Name : test; Date : January 29, 2025, 12:20 pm; Request Data : L903955|email:demo@demo.com|test|T|19541|NaN|INR|https://app.iritaq.info/entrance/home/response|FIRST_NaN_0.0|||2025-01-29|470|19872627|1002627522EVEKBG|7553380127SXSDQU||https://www.tpsl-india.in/PaymentGateway/TransactionDetailsNew.wsdl
Name : test; Date : January 29, 2025, 12:20 pm; Request Data : L903955|email:demo@demo.com|test|T|770887|NaN|INR|https://app.iritaq.info/entrance/home/response|FIRST_NaN_0.0|||2025-01-29|470|19872627|1002627522EVEKBG|7553380127SXSDQU||https://www.tpsl-india.in/PaymentGateway/TransactionDetailsNew.wsdl
Name : test; Date : January 29, 2025, 12:21 pm; Request Data : L903955|email:demo@demo.com|test|T|770887|NaN|INR|https://app.iritaq.info/entrance/home/response|FIRST_NaN_0.0|||2025-01-29|470|19872627|1002627522EVEKBG|7553380127SXSDQU||https://www.tpsl-india.in/PaymentGateway/TransactionDetailsNew.wsdl
Name : test; Date : January 29, 2025, 12:21 pm; Request Data : L903955|email:demo@demo.com|test|T|19541|NaN|INR|https://app.iritaq.info/entrance/home/response|FIRST_NaN_0.0|||2025-01-29|470|19872627|1002627522EVEKBG|7553380127SXSDQU||https://www.tpsl-india.in/PaymentGateway/TransactionDetailsNew.wsdl
Name : ; Date : January 29, 2025, 12:21 pm; Request Data : |||||500.00|||||||||1002627522EVEKBG|7553380127SXSDQU||
Name : test; Date : January 29, 2025, 12:21 pm; Request Data : L903955|email:demo@demo.com|test|T|235266|500.00|INR|https://app.iritaq.info/entrance/home/response|FIRST_500.00_0.0|||2025-01-29|470|19872627|1002627522EVEKBG|7553380127SXSDQU||https://www.tpsl-india.in/PaymentGateway/TransactionDetailsNew.wsdl
Name : test; Date : January 29, 2025, 12:23 pm; Request Data : L903955|email:demo@demo.com|test|T|235266|500.00|INR|https://app.iritaq.info/entrance/home/response|FIRST_500.00_0.0|||2025-01-29|470|19872627|1002627522EVEKBG|7553380127SXSDQU||https://www.tpsl-india.in/PaymentGateway/TransactionDetailsNew.wsdl
Name : ; Date : January 29, 2025, 12:23 pm; Request Data : |||||500.00|||||||||1002627522EVEKBG|7553380127SXSDQU||
Name : test; Date : January 29, 2025, 12:27 pm; Request Data : L903955|email:demo@demo.com|test|T|406410|4.00|INR|https://app.iritaq.info/user/user/response|FIRST_4.00_0.0||1234567890|2025-01-29|470|19872627|1002627522EVEKBG|7553380127SXSDQU||https://www.tpsl-india.in/PaymentGateway/TransactionDetailsNew.wsdl
Name : ; Date : January 29, 2025, 12:30 pm; Request Data : |||||500.00|||||||||1002627522EVEKBG|7553380127SXSDQU||
Name : ; Date : January 29, 2025, 12:31 pm; Request Data : |||||500.00|||||||||1002627522EVEKBG|7553380127SXSDQU||
Name : ; Date : January 29, 2025, 12:31 pm; Request Data : |||||500.00|||||||||1002627522EVEKBG|7553380127SXSDQU||
Name : ; Date : January 29, 2025, 12:32 pm; Request Data : |||||500.00|||||||||1002627522EVEKBG|7553380127SXSDQU||
Name : test; Date : January 29, 2025, 12:32 pm; Request Data : L903955|email:demo@demo.com|test|T|360958|500.00|INR|https://app.iritaq.info/entrance/home/response|FIRST_500.00_0.0|||2025-01-29|470|19872627|1002627522EVEKBG|7553380127SXSDQU||https://www.tpsl-india.in/PaymentGateway/TransactionDetailsNew.wsdl
Name : ; Date : January 29, 2025, 12:32 pm; Request Data : |||||500.00|||||||||1002627522EVEKBG|7553380127SXSDQU||
Name : ; Date : January 29, 2025, 12:33 pm; Request Data : |||||500.00|||||||||1002627522EVEKBG|7553380127SXSDQU||
Name : ; Date : January 29, 2025, 12:37 pm; Request Data : |||||500.00|||||||||1002627522EVEKBG|7553380127SXSDQU||
Name : ; Date : January 29, 2025, 12:44 pm; Request Data : |||||500.00|||||||||1002627522EVEKBG|7553380127SXSDQU||
Name : ; Date : January 29, 2025, 12:49 pm; Request Data : |||||500.00|||||||||1002627522EVEKBG|7553380127SXSDQU||
Name : ; Date : January 29, 2025, 12:50 pm; Request Data : |||||500.00|||||||||1002627522EVEKBG|7553380127SXSDQU||
Name : ; Date : January 29, 2025, 12:50 pm; Request Data : |||||500.00|||||||||1002627522EVEKBG|7553380127SXSDQU||
Name : ; Date : January 29, 2025, 12:53 pm; Request Data : |||||500.00|||||||||1002627522EVEKBG|7553380127SXSDQU||
Name : ; Date : January 29, 2025, 12:56 pm; Request Data : |||||500.00|||||||||1002627522EVEKBG|7553380127SXSDQU||
Name : test; Date : January 29, 2025, 1:28 pm; Request Data : L903955|email:demo@demo.com|test|T|937551|585.00|INR|https://app.iritaq.info/user/user/response|FIRST_585.00_0.0||1234567890|2025-01-29|470|19872627|1002627522EVEKBG|7553380127SXSDQU||https://www.tpsl-india.in/PaymentGateway/TransactionDetailsNew.wsdl
Name : test; Date : January 29, 2025, 1:31 pm; Request Data : L903955|email:demo@demo.com|test|T|43056|585.00|INR|https://app.iritaq.info/user/user/response|FIRST_585.00_0.0||1234567890|2025-01-29|470|19872627|1002627522EVEKBG|7553380127SXSDQU||https://www.tpsl-india.in/PaymentGateway/TransactionDetailsNew.wsdl
Name : test; Date : January 29, 2025, 1:36 pm; Request Data : L903955|email:demo@demo.com|test|T|607997||INR|https://app.iritaq.info/entrance/home/response|FIRST_1.0_0.0|||2025-01-29|470|19872627|1002627522EVEKBG|7553380127SXSDQU||https://www.tpsl-india.in/PaymentGateway/TransactionDetailsNew.wsdl
Name : test; Date : January 29, 2025, 1:36 pm; Request Data : L903955|email:demo@demo.com|test|T|661039||INR|https://app.iritaq.info/entrance/home/response|FIRST_1.0_0.0|||2025-01-29|470|19872627|1002627522EVEKBG|7553380127SXSDQU||https://www.tpsl-india.in/PaymentGateway/TransactionDetailsNew.wsdl
Name : test; Date : January 29, 2025, 1:37 pm; Request Data : L903955|email:demo@demo.com|test|T|396492||INR|https://app.iritaq.info/entrance/home/response|FIRST_1.0_0.0|||2025-01-29|470|19872627|1002627522EVEKBG|7553380127SXSDQU||https://www.tpsl-india.in/PaymentGateway/TransactionDetailsNew.wsdl
Name : test; Date : January 29, 2025, 1:38 pm; Request Data : L903955|email:demo@demo.com|test|T|525562|200|INR|https://app.iritaq.info/entrance/home/response|FIRST_1.0_0.0|||2025-01-29|470|19872627|1002627522EVEKBG|7553380127SXSDQU||https://www.tpsl-india.in/PaymentGateway/TransactionDetailsNew.wsdl
Name : test; Date : January 29, 2025, 1:38 pm; Request Data : L903955|email:demo@demo.com|test|T|404964|200|INR|https://app.iritaq.info/entrance/home/response|FIRST_1.0_0.0|||2025-01-29|470|19872627|1002627522EVEKBG|7553380127SXSDQU||https://www.tpsl-india.in/PaymentGateway/TransactionDetailsNew.wsdl
Name : ; Date : January 29, 2025, 1:41 pm; Request Data : |||||500.00|||||||||1002627522EVEKBG|7553380127SXSDQU||
Name : ; Date : January 29, 2025, 1:45 pm; Request Data : |||||500.00|||||||||1002627522EVEKBG|7553380127SXSDQU||
Name : test; Date : January 29, 2025, 1:49 pm; Request Data : L903955|email:demo@demo.com|test|T|408450|500.00|INR|https://app.iritaq.info/entrance/home/response|FIRST_500.00_0.0|||2025-01-29|470|19872627|1002627522EVEKBG|7553380127SXSDQU||https://www.tpsl-india.in/PaymentGateway/TransactionDetailsNew.wsdl
Name : test; Date : January 29, 2025, 1:50 pm; Request Data : L903955|email:demo@demo.com|test|T|9346|500.00|INR|https://app.iritaq.info/entrance/home/response|FIRST_500.00_0.0|||2025-01-29|470|19872627|1002627522EVEKBG|7553380127SXSDQU||https://www.tpsl-india.in/PaymentGateway/TransactionDetailsNew.wsdl
Name : ; Date : January 29, 2025, 2:08 pm; Request Data : |||||500.00|||||||||1002627522EVEKBG|7553380127SXSDQU||
Name : ; Date : January 29, 2025, 2:08 pm; Request Data : |||||500.00|||||||||1002627522EVEKBG|7553380127SXSDQU||
Name : test; Date : January 29, 2025, 2:09 pm; Request Data : L903955|email:demo@demo.com|test|T|49528|500.00|INR|https://app.iritaq.info/entrance/home/response|FIRST_500.00_0.0|||2025-01-29|470|19872627|1002627522EVEKBG|7553380127SXSDQU||https://www.tpsl-india.in/PaymentGateway/TransactionDetailsNew.wsdl
Name : test; Date : January 29, 2025, 2:11 pm; Request Data : L903955|email:demo@demo.com|test|T|685314|500.00|INR|https://app.iritaq.info/entrance/home/response|FIRST_500.00_0.0|||2025-01-29|470|19872627|1002627522EVEKBG|7553380127SXSDQU||https://www.tpsl-india.in/PaymentGateway/TransactionDetailsNew.wsdl
Name : test; Date : January 29, 2025, 2:12 pm; Request Data : L903955|email:demo@demo.com|test|T|146585|1|INR|https://app.iritaq.info/entrance/home/response|FIRST_1.0_0.0|||2025-01-29|470|19872627|1002627522EVEKBG|7553380127SXSDQU||https://www.tpsl-india.in/PaymentGateway/TransactionDetailsNew.wsdl
Name : test; Date : January 29, 2025, 2:45 pm; Request Data : L903955|email:demo@demo.com|test|T|803217|4.00|INR|https://app.iritaq.info/user/user/response|FIRST_4.00_0.0||1234567890|2025-01-29|470|19872627|1002627522EVEKBG|7553380127SXSDQU||https://www.tpsl-india.in/PaymentGateway/TransactionDetailsNew.wsdl
Name : test; Date : January 29, 2025, 3:20 pm; Request Data : L903955|email:demo@demo.com|test|T|169904|500.00|INR|https://app.iritaq.info/entrance/home/response|FIRST_1.0_0.0|||2025-01-29|470|19872627|1002627522EVEKBG|7553380127SXSDQU||https://www.tpsl-india.in/PaymentGateway/TransactionDetailsNew.wsdl
Name : test; Date : January 29, 2025, 3:25 pm; Request Data : L903955|email:demo@demo.com|test|T|252588|500.00|INR|https://app.iritaq.info/entrance/home/response|FIRST_1.0_0.0|||2025-01-29|470|19872627|1002627522EVEKBG|7553380127SXSDQU||https://www.tpsl-india.in/PaymentGateway/TransactionDetailsNew.wsdl
Name : test; Date : January 29, 2025, 3:29 pm; Request Data : L903955|email:demo@demo.com|test|T|762528|NaN|INR|https://app.iritaq.info/entrance/home/response|FIRST_NaN_0.0|||2025-01-29|470|19872627|1002627522EVEKBG|7553380127SXSDQU||https://www.tpsl-india.in/PaymentGateway/TransactionDetailsNew.wsdl
Name : test; Date : January 29, 2025, 3:30 pm; Request Data : L903955|email:demo@demo.com|test|T|184215|500.00|INR|https://app.iritaq.info/entrance/home/response|FIRST_1.0_0.0|||2025-01-29|470|19872627|1002627522EVEKBG|7553380127SXSDQU||https://www.tpsl-india.in/PaymentGateway/TransactionDetailsNew.wsdl
Name : test; Date : January 29, 2025, 3:55 pm; Request Data : L903955|email:demo@demo.com|test|T|594083|500.00|INR|https://app.iritaq.info/entrance/home/response|FIRST_1.0_0.0|||2025-01-29|470|19872627|1002627522EVEKBG|7553380127SXSDQU||https://www.tpsl-india.in/PaymentGateway/TransactionDetailsNew.wsdl
Name : test; Date : January 29, 2025, 3:59 pm; Request Data : L903955|email:demo@demo.com|test|T|112012|500.00|INR|https://app.iritaq.info/entrance/home/response|FIRST_500.00_0.0|||2025-01-29|470|19872627|1002627522EVEKBG|7553380127SXSDQU||https://www.tpsl-india.in/PaymentGateway/TransactionDetailsNew.wsdl
Name : test; Date : January 29, 2025, 4:33 pm; Request Data : L903955|email:demo@demo.com|test|T|808886|500.00|INR|https://app.iritaq.info/entrance/home/response|FIRST_1.0_0.0|||2025-01-29|470|19872627|1002627522EVEKBG|7553380127SXSDQU||https://www.tpsl-india.in/PaymentGateway/TransactionDetailsNew.wsdl
