Name : test; Date : January 25, 2025, 6:28 am; Request Data : L903955|email:demo@demo.com|test|T|600799|485.00|INR|https://app.iritaq.info/user/user/response|FIRST_485.00_0.0||1234567890|2025-01-25|470|19872627|1002627522EVEKBG|7553380127SXSDQU||https://www.tpsl-india.in/PaymentGateway/TransactionDetailsNew.wsdl
Name : test; Date : January 25, 2025, 7:38 am; Request Data : L903955|email:demo@demo.com|test|T|98639|485.00|INR|https://app.iritaq.info/user/user/response|FIRST_485.00_0.0||1234567890|2025-01-25|470|19872627|1002627522EVEKBG|7553380127SXSDQU||https://www.tpsl-india.in/PaymentGateway/TransactionDetailsNew.wsdl
Name : test; Date : January 25, 2025, 8:09 am; Request Data : L903955|email:demo@demo.com|test|T|269051|485.00|INR|https://app.iritaq.info/user/user/response|FIRST_485.00_0.0||1234567890|2025-01-25|470|19872627|1002627522EVEKBG|7553380127SXSDQU||https://www.tpsl-india.in/PaymentGateway/TransactionDetailsNew.wsdl
Name : test; Date : January 25, 2025, 9:05 am; Request Data : L903955|email:demo@demo.com|test|T|463828|4.00|INR|https://app.iritaq.info/user/user/response|FIRST_4.00_0.0||1234567890|2025-01-25|470|19872627|1002627522EVEKBG|7553380127SXSDQU||https://www.tpsl-india.in/PaymentGateway/TransactionDetailsNew.wsdl
Name : test; Date : January 25, 2025, 10:28 am; Request Data : L903955|email:demo@demo.com|test|T|939619|485.00|INR|https://app.iritaq.info/user/user/response|FIRST_485.00_0.0||1234567890|2025-01-25|470|19872627|1002627522EVEKBG|7553380127SXSDQU||https://www.tpsl-india.in/PaymentGateway/TransactionDetailsNew.wsdl
Name : test; Date : January 25, 2025, 10:40 am; Request Data : L903955|email:demo@demo.com|test|T|936891|4.00|INR|https://app.iritaq.info/user/user/response|FIRST_4.00_0.0||1234567890|2025-01-25|470|19872627|1002627522EVEKBG|7553380127SXSDQU||https://www.tpsl-india.in/PaymentGateway/TransactionDetailsNew.wsdl
Name : test; Date : January 25, 2025, 10:46 am; Request Data : L903955|email:demo@demo.com|test|T|479248|485.00|INR|https://app.iritaq.info/user/user/response|FIRST_485.00_0.0||1234567890|2025-01-25|470|19872627|1002627522EVEKBG|7553380127SXSDQU||https://www.tpsl-india.in/PaymentGateway/TransactionDetailsNew.wsdl
Name : test; Date : January 25, 2025, 10:53 am; Request Data : L903955|email:demo@demo.com|test|T|995442|505.00|INR|https://app.iritaq.info/user/user/response|FIRST_505.00_0.0||1234567890|2025-01-25|470|19872627|1002627522EVEKBG|7553380127SXSDQU||https://www.tpsl-india.in/PaymentGateway/TransactionDetailsNew.wsdl
Name : test; Date : January 25, 2025, 10:54 am; Request Data : L903955|email:demo@demo.com|test|T|49428|4.00|INR|https://app.iritaq.info/user/user/response|FIRST_4.00_0.0||1234567890|2025-01-25|470|19872627|1002627522EVEKBG|7553380127SXSDQU||https://www.tpsl-india.in/PaymentGateway/TransactionDetailsNew.wsdl
Name : test; Date : January 25, 2025, 10:54 am; Request Data : L903955|email:demo@demo.com|test|T|46553|485.00|INR|https://app.iritaq.info/user/user/response|FIRST_485.00_0.0||1234567890|2025-01-25|470|19872627|1002627522EVEKBG|7553380127SXSDQU||https://www.tpsl-india.in/PaymentGateway/TransactionDetailsNew.wsdl
Name : test; Date : January 25, 2025, 11:58 am; Request Data : L903955|email:demo@demo.com|test|T|110796|4.00|INR|https://app.iritaq.info/user/user/response|FIRST_4.00_0.0||1234567890|2025-01-25|470|19872627|1002627522EVEKBG|7553380127SXSDQU||https://www.tpsl-india.in/PaymentGateway/TransactionDetailsNew.wsdl
Name : test; Date : January 25, 2025, 12:00 pm; Request Data : L903955|email:demo@demo.com|test|T|462109|445.00|INR|https://app.iritaq.info/user/user/response|FIRST_445.00_0.0||1234567890|2025-01-25|470|19872627|1002627522EVEKBG|7553380127SXSDQU||https://www.tpsl-india.in/PaymentGateway/TransactionDetailsNew.wsdl
Name : test; Date : January 25, 2025, 12:03 pm; Request Data : L903955|email:demo@demo.com|test|T|524985|4.00|INR|https://app.iritaq.info/user/user/response|FIRST_4.00_0.0||1234567890|2025-01-25|470|19872627|1002627522EVEKBG|7553380127SXSDQU||https://www.tpsl-india.in/PaymentGateway/TransactionDetailsNew.wsdl
Name : test; Date : January 25, 2025, 12:45 pm; Request Data : |email:demo@demo.com|test|T|561946|4.00|INR|https://app.iritaq.info/user/user/response|FIRST_4.00_0.0||1234567890|2025-01-25|470|19872627|1002627522EVEKBG|7553380127SXSDQU||https://www.tpsl-india.in/PaymentGateway/TransactionDetailsNew.wsdl
Name : test; Date : January 25, 2025, 12:45 pm; Request Data : L903955|email:demo@demo.com|test|T|245928|4.00|INR|https://app.iritaq.info/user/user/response|FIRST_4.00_0.0||1234567890|2025-01-25|470|19872627|1002627522EVEKBG|7553380127SXSDQU||https://www.tpsl-india.in/PaymentGateway/TransactionDetailsNew.wsdl
Name : test; Date : January 25, 2025, 12:49 pm; Request Data : L903955|email:demo@demo.com|test|T|48168|485.00|INR|https://app.iritaq.info/user/user/response|FIRST_485.00_0.0||1234567890|2025-01-25|470|19872627|1002627522EVEKBG|7553380127SXSDQU||https://www.tpsl-india.in/PaymentGateway/TransactionDetailsNew.wsdl
Name : ; Date : January 25, 2025, 1:23 pm; Request Data : |||||500.00|||||||||1002627522EVEKBG|7553380127SXSDQU||
Name : ; Date : January 25, 2025, 1:23 pm; Request Data : |||||500.00|||||||||1002627522EVEKBG|7553380127SXSDQU||
Name : ; Date : January 25, 2025, 1:23 pm; Request Data : |||||500.00|||||||||1002627522EVEKBG|7553380127SXSDQU||
Name : ; Date : January 25, 2025, 1:23 pm; Request Data : |||||500.00|||||||||1002627522EVEKBG|7553380127SXSDQU||
Name : ; Date : January 25, 2025, 1:23 pm; Request Data : |||||500.00|||||||||1002627522EVEKBG|7553380127SXSDQU||
Name : test; Date : January 25, 2025, 1:41 pm; Request Data : L903955|email:demo@demo.com|test|T|298106|445.00|INR|https://app.iritaq.info/user/user/response|FIRST_445.00_0.0||1234567890|2025-01-25|470|19872627|1002627522EVEKBG|7553380127SXSDQU||https://www.tpsl-india.in/PaymentGateway/TransactionDetailsNew.wsdl
Name : test; Date : January 25, 2025, 1:50 pm; Request Data : L903955|email:demo@demo.com|test|T|207836|4.00|INR|https://app.iritaq.info/user/user/response|FIRST_4.00_0.0||1234567890|2025-01-25|470|19872627|1002627522EVEKBG|7553380127SXSDQU||https://www.tpsl-india.in/PaymentGateway/TransactionDetailsNew.wsdl
Name : test; Date : January 25, 2025, 1:50 pm; Request Data : L903955|email:demo@demo.com|test|T|183982|485.00|INR|https://app.iritaq.info/user/user/response|FIRST_485.00_0.0||1234567890|2025-01-25|470|19872627|1002627522EVEKBG|7553380127SXSDQU||https://www.tpsl-india.in/PaymentGateway/TransactionDetailsNew.wsdl
Name : test; Date : January 25, 2025, 2:15 pm; Request Data : L903955|email:demo@demo.com|test|T|131662|485.00|INR|https://app.iritaq.info/user/user/response|FIRST_485.00_0.0||1234567890|2025-01-25|470|19872627|1002627522EVEKBG|7553380127SXSDQU||https://www.tpsl-india.in/PaymentGateway/TransactionDetailsNew.wsdl
Name : test; Date : January 25, 2025, 2:15 pm; Request Data : L903955|email:demo@demo.com|test|T|114828|485.00|INR|https://app.iritaq.info/user/user/response|FIRST_485.00_0.0||1234567890|2025-01-25|470|19872627|1002627522EVEKBG|7553380127SXSDQU||https://www.tpsl-india.in/PaymentGateway/TransactionDetailsNew.wsdl
Name : ; Date : January 25, 2025, 2:15 pm; Request Data : |||||500.00|||||||||1002627522EVEKBG|7553380127SXSDQU||
Name : ; Date : January 25, 2025, 2:15 pm; Request Data : |||||500.00|||||||||1002627522EVEKBG|7553380127SXSDQU||
Name : test; Date : January 25, 2025, 2:22 pm; Request Data : L903955|email:demo@demo.com|test|T|858954|485.00|INR|https://app.iritaq.info/user/user/response|FIRST_485.00_0.0||1234567890|2025-01-25|470|19872627|1002627522EVEKBG|7553380127SXSDQU||https://www.tpsl-india.in/PaymentGateway/TransactionDetailsNew.wsdl
Name : ; Date : January 25, 2025, 2:23 pm; Request Data : |||||500.00|||||||||1002627522EVEKBG|7553380127SXSDQU||
Name : ; Date : January 25, 2025, 2:23 pm; Request Data : |||||500.00|||||||||1002627522EVEKBG|7553380127SXSDQU||
Name : ; Date : January 25, 2025, 2:24 pm; Request Data : |||||500.00|||||||||1002627522EVEKBG|7553380127SXSDQU||
Name : test; Date : January 25, 2025, 2:24 pm; Request Data : L903955|email:demo@demo.com|test|T|388567|485.00|INR|https://app.iritaq.info/user/user/response|FIRST_485.00_0.0||1234567890|2025-01-25|470|19872627|1002627522EVEKBG|7553380127SXSDQU||https://www.tpsl-india.in/PaymentGateway/TransactionDetailsNew.wsdl
Name : ; Date : January 25, 2025, 2:24 pm; Request Data : |||||500.00|||||||||1002627522EVEKBG|7553380127SXSDQU||
Name : ; Date : January 25, 2025, 2:24 pm; Request Data : |||||500.00|||||||||1002627522EVEKBG|7553380127SXSDQU||
Name : ; Date : January 25, 2025, 2:25 pm; Request Data : |||||500.00|||||||||1002627522EVEKBG|7553380127SXSDQU||
Name : ; Date : January 25, 2025, 2:27 pm; Request Data : |||||500.00||||||||||||
Name : ; Date : January 25, 2025, 2:27 pm; Request Data : |||||500.00||||||||||||
Name : ; Date : January 25, 2025, 2:27 pm; Request Data : |||||500.00||||||||||||
Name : ; Date : January 25, 2025, 2:28 pm; Request Data : |||||500.00||||||||||||
Name : ; Date : January 25, 2025, 2:28 pm; Request Data : |||||500.00||||||||||||
Name : ; Date : January 25, 2025, 2:28 pm; Request Data : |||||500.00||||||||||||
Name : test; Date : January 25, 2025, 2:29 pm; Request Data : L903955|email:demo@demo.com|test|T|12914|485.00|INR|https://app.iritaq.info/user/user/response|FIRST_485.00_0.0||1234567890|2025-01-25|470|19872627|1002627522EVEKBG|7553380127SXSDQU||https://www.tpsl-india.in/PaymentGateway/TransactionDetailsNew.wsdl
Name : ; Date : January 25, 2025, 2:30 pm; Request Data : |||||500.00||||||||||||
Name : ; Date : January 25, 2025, 2:30 pm; Request Data : |||||500.00||||||||||||
Name : ; Date : January 25, 2025, 2:32 pm; Request Data : |||||500.00||||||||||||
Name : ; Date : January 25, 2025, 2:32 pm; Request Data : |||||500.00||||||||||||
Name : ; Date : January 25, 2025, 2:32 pm; Request Data : |||||500.00||||||||||||
Name : ; Date : January 25, 2025, 2:32 pm; Request Data : |||||500.00||||||||||||
Name : ; Date : January 25, 2025, 2:33 pm; Request Data : |||||500.00|||||||||1002627522EVEKBG|7553380127SXSDQU||
Name : ; Date : January 25, 2025, 2:33 pm; Request Data : |||||500.00|||||||||1002627522EVEKBG|7553380127SXSDQU||
Name : ; Date : January 25, 2025, 2:33 pm; Request Data : |||||500.00|||||||||1002627522EVEKBG|7553380127SXSDQU||
Name : ; Date : January 25, 2025, 2:45 pm; Request Data : |||||500.00|||||||||1002627522EVEKBG|7553380127SXSDQU||
Name : ; Date : January 25, 2025, 2:45 pm; Request Data : |||||500.00|||||||||1002627522EVEKBG|7553380127SXSDQU||
Name : ; Date : January 25, 2025, 2:46 pm; Request Data : |||||500.00|||||||||1002627522EVEKBG|7553380127SXSDQU||
Name : ; Date : January 25, 2025, 2:49 pm; Request Data : |||||500.00|||||||||1002627522EVEKBG|7553380127SXSDQU||
Name : ; Date : January 25, 2025, 2:50 pm; Request Data : |||||500.00|||||||||1002627522EVEKBG|7553380127SXSDQU||
Name : ; Date : January 25, 2025, 2:51 pm; Request Data : |||||||||||||||||NA
Name : ; Date : January 25, 2025, 2:51 pm; Request Data : |||||||||||||||||NA
Name : test; Date : January 25, 2025, 3:18 pm; Request Data : L903955|email:demo@demo.com|test|T|244724|465.00|INR|https://app.iritaq.info/user/user/response|FIRST_465.00_0.0||1234567890|2025-01-25|470|19872627|1002627522EVEKBG|7553380127SXSDQU||https://www.tpsl-india.in/PaymentGateway/TransactionDetailsNew.wsdl
Name : test; Date : January 25, 2025, 3:25 pm; Request Data : L903955|email:demo@demo.com|test|T|784931|465.00|INR|https://app.iritaq.info/user/user/response|FIRST_465.00_0.0||1234567890|2025-01-25|470|19872627|1002627522EVEKBG|7553380127SXSDQU||https://www.tpsl-india.in/PaymentGateway/TransactionDetailsNew.wsdl
Name : test; Date : January 25, 2025, 3:36 pm; Request Data : L903955|email:demo@demo.com|test|T|575837|4.00|INR|https://app.iritaq.info/user/user/response|FIRST_4.00_0.0||1234567890|2025-01-25|470|19872627|1002627522EVEKBG|7553380127SXSDQU||https://www.tpsl-india.in/PaymentGateway/TransactionDetailsNew.wsdl
Name : test; Date : January 25, 2025, 4:20 pm; Request Data : |email:demo@demo.com|test|T|758740|4.00|INR|https://app.iritaq.info/user/user/response|FIRST_4.00_0.0||1234567890|2025-01-25|470|19872627|1002627522EVEKBG|7553380127SXSDQU||https://www.tpsl-india.in/PaymentGateway/TransactionDetailsNew.wsdl
Name : test; Date : January 25, 2025, 4:29 pm; Request Data : L903955|email:demo@demo.com|test|T|28717|4.00|INR|https://app.iritaq.info/user/user/response|FIRST_4.00_0.0||1234567890|2025-01-25|470|19872627|1002627522EVEKBG|7553380127SXSDQU||https://www.tpsl-india.in/PaymentGateway/TransactionDetailsNew.wsdl
Name : test; Date : January 25, 2025, 4:30 pm; Request Data : L903955|email:demo@demo.com|test|T|33491|4.00|INR|https://app.iritaq.info/user/user/response|FIRST_4.00_0.0||1234567890|2025-01-25|470|19872627|1002627522EVEKBG|7553380127SXSDQU||https://www.tpsl-india.in/PaymentGateway/TransactionDetailsNew.wsdl
Name : test; Date : January 25, 2025, 4:36 pm; Request Data : L903955|email:demo@demo.com|test|T|83490|440.00|INR|https://app.iritaq.info/user/user/response|FIRST_440.00_0.0||1234567890|2025-01-25|470|19872627|1002627522EVEKBG|7553380127SXSDQU||https://www.tpsl-india.in/PaymentGateway/TransactionDetailsNew.wsdl
Name : test; Date : January 25, 2025, 4:40 pm; Request Data : L903955|email:demo@demo.com|test|T|164624|4.00|INR|https://app.iritaq.info/user/user/response|FIRST_4.00_0.0||1234567890|2025-01-25|470|19872627|1002627522EVEKBG|7553380127SXSDQU||https://www.tpsl-india.in/PaymentGateway/TransactionDetailsNew.wsdl
Name : test; Date : January 25, 2025, 4:41 pm; Request Data : L903955|email:demo@demo.com|test|T|51103|4.00|INR|https://app.iritaq.info/user/user/response|FIRST_4.00_0.0||1234567890|2025-01-25|470|19872627|1002627522EVEKBG|7553380127SXSDQU||https://www.tpsl-india.in/PaymentGateway/TransactionDetailsNew.wsdl
Name : test; Date : January 25, 2025, 4:42 pm; Request Data : L903955|email:demo@demo.com|test|T|429587|440.00|INR|https://app.iritaq.info/user/user/response|FIRST_440.00_0.0||1234567890|2025-01-25|470|19872627|1002627522EVEKBG|7553380127SXSDQU||https://www.tpsl-india.in/PaymentGateway/TransactionDetailsNew.wsdl
Name : test; Date : January 25, 2025, 4:46 pm; Request Data : L903955|email:demo@demo.com|test|T|560449|485.00|INR|https://app.iritaq.info/user/user/response|FIRST_485.00_0.0||1234567890|2025-01-25|470|19872627|1002627522EVEKBG|7553380127SXSDQU||https://www.tpsl-india.in/PaymentGateway/TransactionDetailsNew.wsdl
Name : test; Date : January 25, 2025, 5:13 pm; Request Data : L903955|email:demo@demo.com|test|T|466675|465.00|INR|https://app.iritaq.info/user/user/response|FIRST_465.00_0.0||1234567890|2025-01-25|470|19872627|1002627522EVEKBG|7553380127SXSDQU||https://www.tpsl-india.in/PaymentGateway/TransactionDetailsNew.wsdl
Name : test; Date : January 25, 2025, 5:17 pm; Request Data : L903955|email:demo@demo.com|test|T|436629|485.00|INR|https://app.iritaq.info/user/user/response|FIRST_485.00_0.0||1234567890|2025-01-25|470|19872627|1002627522EVEKBG|7553380127SXSDQU||https://www.tpsl-india.in/PaymentGateway/TransactionDetailsNew.wsdl
Name : test; Date : January 25, 2025, 5:35 pm; Request Data : L903955|email:demo@demo.com|test|T|985195|465.00|INR|https://app.iritaq.info/user/user/response|FIRST_465.00_0.0||1234567890|2025-01-25|470|19872627|1002627522EVEKBG|7553380127SXSDQU||https://www.tpsl-india.in/PaymentGateway/TransactionDetailsNew.wsdl
Name : test; Date : January 25, 2025, 6:04 pm; Request Data : L903955|email:demo@demo.com|test|T|218664|485.00|INR|https://app.iritaq.info/user/user/response|FIRST_485.00_0.0||1234567890|2025-01-25|470|19872627|1002627522EVEKBG|7553380127SXSDQU||https://www.tpsl-india.in/PaymentGateway/TransactionDetailsNew.wsdl
Name : test; Date : January 25, 2025, 6:06 pm; Request Data : L903955|email:demo@demo.com|test|T|210178|485.00|INR|https://app.iritaq.info/user/user/response|FIRST_485.00_0.0||1234567890|2025-01-25|470|19872627|1002627522EVEKBG|7553380127SXSDQU||https://www.tpsl-india.in/PaymentGateway/TransactionDetailsNew.wsdl
Name : test; Date : January 25, 2025, 6:15 pm; Request Data : L903955|email:demo@demo.com|test|T|233575|440.00|INR|https://app.iritaq.info/user/user/response|FIRST_440.00_0.0||1234567890|2025-01-25|470|19872627|1002627522EVEKBG|7553380127SXSDQU||https://www.tpsl-india.in/PaymentGateway/TransactionDetailsNew.wsdl
Name : test; Date : January 25, 2025, 6:59 pm; Request Data : L903955|email:demo@demo.com|test|T|462733|505.00|INR|https://app.iritaq.info/user/user/response|FIRST_505.00_0.0||1234567890|2025-01-25|470|19872627|1002627522EVEKBG|7553380127SXSDQU||https://www.tpsl-india.in/PaymentGateway/TransactionDetailsNew.wsdl
Name : test; Date : January 25, 2025, 6:59 pm; Request Data : L903955|email:demo@demo.com|test|T|462733|505.00|INR|https://app.iritaq.info/user/user/response|FIRST_505.00_0.0||1234567890|2025-01-25|470|19872627|1002627522EVEKBG|7553380127SXSDQU||https://www.tpsl-india.in/PaymentGateway/TransactionDetailsNew.wsdl
Name : test; Date : January 25, 2025, 6:59 pm; Request Data : L903955|email:demo@demo.com|test|T|462733|505.00|INR|https://app.iritaq.info/user/user/response|FIRST_505.00_0.0||1234567890|2025-01-25|470|19872627|1002627522EVEKBG|7553380127SXSDQU||https://www.tpsl-india.in/PaymentGateway/TransactionDetailsNew.wsdl
Name : test; Date : January 25, 2025, 6:59 pm; Request Data : L903955|email:demo@demo.com|test|T|462733|505.00|INR|https://app.iritaq.info/user/user/response|FIRST_505.00_0.0||1234567890|2025-01-25|470|19872627|1002627522EVEKBG|7553380127SXSDQU||https://www.tpsl-india.in/PaymentGateway/TransactionDetailsNew.wsdl
Name : test; Date : January 25, 2025, 7:07 pm; Request Data : L903955|email:demo@demo.com|test|T|888227|505.00|INR|https://app.iritaq.info/user/user/response|FIRST_505.00_0.0||1234567890|2025-01-25|470|19872627|1002627522EVEKBG|7553380127SXSDQU||https://www.tpsl-india.in/PaymentGateway/TransactionDetailsNew.wsdl
Name : test; Date : January 25, 2025, 7:08 pm; Request Data : L903955|email:demo@demo.com|test|T|272159|485.00|INR|https://app.iritaq.info/user/user/response|FIRST_485.00_0.0||1234567890|2025-01-25|470|19872627|1002627522EVEKBG|7553380127SXSDQU||https://www.tpsl-india.in/PaymentGateway/TransactionDetailsNew.wsdl
Name : test; Date : January 25, 2025, 7:14 pm; Request Data : L903955|email:demo@demo.com|test|T|901396|465.00|INR|https://app.iritaq.info/user/user/response|FIRST_465.00_0.0||1234567890|2025-01-25|470|19872627|1002627522EVEKBG|7553380127SXSDQU||https://www.tpsl-india.in/PaymentGateway/TransactionDetailsNew.wsdl
Name : test; Date : January 25, 2025, 7:38 pm; Request Data : L903955|email:demo@demo.com|test|T|303946|485.00|INR|https://app.iritaq.info/user/user/response|FIRST_485.00_0.0||1234567890|2025-01-25|470|19872627|1002627522EVEKBG|7553380127SXSDQU||https://www.tpsl-india.in/PaymentGateway/TransactionDetailsNew.wsdl
Name : test; Date : January 25, 2025, 7:38 pm; Request Data : L903955|email:demo@demo.com|test|T|20546|485.00|INR|https://app.iritaq.info/user/user/response|FIRST_485.00_0.0||1234567890|2025-01-25|470|19872627|1002627522EVEKBG|7553380127SXSDQU||https://www.tpsl-india.in/PaymentGateway/TransactionDetailsNew.wsdl
Name : test; Date : January 25, 2025, 7:44 pm; Request Data : L903955|email:demo@demo.com|test|T|949208|465.00|INR|https://app.iritaq.info/user/user/response|FIRST_465.00_0.0||1234567890|2025-01-25|470|19872627|1002627522EVEKBG|7553380127SXSDQU||https://www.tpsl-india.in/PaymentGateway/TransactionDetailsNew.wsdl
Name : test; Date : January 25, 2025, 7:44 pm; Request Data : L903955|email:demo@demo.com|test|T|797282|485.00|INR|https://app.iritaq.info/user/user/response|FIRST_485.00_0.0||1234567890|2025-01-25|470|19872627|1002627522EVEKBG|7553380127SXSDQU||https://www.tpsl-india.in/PaymentGateway/TransactionDetailsNew.wsdl
Name : test; Date : January 25, 2025, 7:57 pm; Request Data : L903955|email:demo@demo.com|test|T|970533|485.00|INR|https://app.iritaq.info/user/user/response|FIRST_485.00_0.0||1234567890|2025-01-25|470|19872627|1002627522EVEKBG|7553380127SXSDQU||https://www.tpsl-india.in/PaymentGateway/TransactionDetailsNew.wsdl
Name : test; Date : January 25, 2025, 8:08 pm; Request Data : L903955|email:demo@demo.com|test|T|755417|505.00|INR|https://app.iritaq.info/user/user/response|FIRST_505.00_0.0||1234567890|2025-01-25|470|19872627|1002627522EVEKBG|7553380127SXSDQU||https://www.tpsl-india.in/PaymentGateway/TransactionDetailsNew.wsdl
Name : test; Date : January 25, 2025, 8:11 pm; Request Data : L903955|email:demo@demo.com|test|T|726067|485.00|INR|https://app.iritaq.info/user/user/response|FIRST_485.00_0.0||1234567890|2025-01-25|470|19872627|1002627522EVEKBG|7553380127SXSDQU||https://www.tpsl-india.in/PaymentGateway/TransactionDetailsNew.wsdl
Name : test; Date : January 25, 2025, 8:13 pm; Request Data : L903955|email:demo@demo.com|test|T|162674|485.00|INR|https://app.iritaq.info/user/user/response|FIRST_485.00_0.0||1234567890|2025-01-25|470|19872627|1002627522EVEKBG|7553380127SXSDQU||https://www.tpsl-india.in/PaymentGateway/TransactionDetailsNew.wsdl
Name : test; Date : January 25, 2025, 8:13 pm; Request Data : L903955|email:demo@demo.com|test|T|400548|485.00|INR|https://app.iritaq.info/user/user/response|FIRST_485.00_0.0||1234567890|2025-01-25|470|19872627|1002627522EVEKBG|7553380127SXSDQU||https://www.tpsl-india.in/PaymentGateway/TransactionDetailsNew.wsdl
Name : test; Date : January 25, 2025, 8:16 pm; Request Data : L903955|email:demo@demo.com|test|T|870849|505.00|INR|https://app.iritaq.info/user/user/response|FIRST_505.00_0.0||1234567890|2025-01-25|470|19872627|1002627522EVEKBG|7553380127SXSDQU||https://www.tpsl-india.in/PaymentGateway/TransactionDetailsNew.wsdl
Name : test; Date : January 25, 2025, 8:16 pm; Request Data : L903955|email:demo@demo.com|test|T|870849|505.00|INR|https://app.iritaq.info/user/user/response|FIRST_505.00_0.0||1234567890|2025-01-25|470|19872627|1002627522EVEKBG|7553380127SXSDQU||https://www.tpsl-india.in/PaymentGateway/TransactionDetailsNew.wsdl
Name : test; Date : January 25, 2025, 8:17 pm; Request Data : L903955|email:demo@demo.com|test|T|79871|505.00|INR|https://app.iritaq.info/user/user/response|FIRST_505.00_0.0||1234567890|2025-01-25|470|19872627|1002627522EVEKBG|7553380127SXSDQU||https://www.tpsl-india.in/PaymentGateway/TransactionDetailsNew.wsdl
Name : test; Date : January 25, 2025, 8:26 pm; Request Data : L903955|email:demo@demo.com|test|T|847545|505.00|INR|https://app.iritaq.info/user/user/response|FIRST_505.00_0.0||1234567890|2025-01-25|470|19872627|1002627522EVEKBG|7553380127SXSDQU||https://www.tpsl-india.in/PaymentGateway/TransactionDetailsNew.wsdl
Name : test; Date : January 25, 2025, 8:27 pm; Request Data : L903955|email:demo@demo.com|test|T|59633|485.00|INR|https://app.iritaq.info/user/user/response|FIRST_485.00_0.0||1234567890|2025-01-25|470|19872627|1002627522EVEKBG|7553380127SXSDQU||https://www.tpsl-india.in/PaymentGateway/TransactionDetailsNew.wsdl
Name : test; Date : January 25, 2025, 8:29 pm; Request Data : L903955|email:demo@demo.com|test|T|490042|505.00|INR|https://app.iritaq.info/user/user/response|FIRST_505.00_0.0||1234567890|2025-01-25|470|19872627|1002627522EVEKBG|7553380127SXSDQU||https://www.tpsl-india.in/PaymentGateway/TransactionDetailsNew.wsdl
Name : test; Date : January 25, 2025, 8:33 pm; Request Data : L903955|email:demo@demo.com|test|T|853027|465.00|INR|https://app.iritaq.info/user/user/response|FIRST_465.00_0.0||1234567890|2025-01-25|470|19872627|1002627522EVEKBG|7553380127SXSDQU||https://www.tpsl-india.in/PaymentGateway/TransactionDetailsNew.wsdl
Name : test; Date : January 25, 2025, 8:37 pm; Request Data : L903955|email:demo@demo.com|test|T|543508|465.00|INR|https://app.iritaq.info/user/user/response|FIRST_465.00_0.0||1234567890|2025-01-25|470|19872627|1002627522EVEKBG|7553380127SXSDQU||https://www.tpsl-india.in/PaymentGateway/TransactionDetailsNew.wsdl
Name : test; Date : January 25, 2025, 8:40 pm; Request Data : L903955|email:demo@demo.com|test|T|329136|465.00|INR|https://app.iritaq.info/user/user/response|FIRST_465.00_0.0||1234567890|2025-01-25|470|19872627|1002627522EVEKBG|7553380127SXSDQU||https://www.tpsl-india.in/PaymentGateway/TransactionDetailsNew.wsdl
Name : test; Date : January 25, 2025, 8:47 pm; Request Data : L903955|email:demo@demo.com|test|T|290790|465.00|INR|https://app.iritaq.info/user/user/response|FIRST_465.00_0.0||1234567890|2025-01-25|470|19872627|1002627522EVEKBG|7553380127SXSDQU||https://www.tpsl-india.in/PaymentGateway/TransactionDetailsNew.wsdl
Name : test; Date : January 25, 2025, 8:53 pm; Request Data : L903955|email:demo@demo.com|test|T|295524|485.00|INR|https://app.iritaq.info/user/user/response|FIRST_485.00_0.0||1234567890|2025-01-25|470|19872627|1002627522EVEKBG|7553380127SXSDQU||https://www.tpsl-india.in/PaymentGateway/TransactionDetailsNew.wsdl
Name : test; Date : January 25, 2025, 8:54 pm; Request Data : L903955|email:demo@demo.com|test|T|492025|465.00|INR|https://app.iritaq.info/user/user/response|FIRST_465.00_0.0||1234567890|2025-01-25|470|19872627|1002627522EVEKBG|7553380127SXSDQU||https://www.tpsl-india.in/PaymentGateway/TransactionDetailsNew.wsdl
Name : test; Date : January 25, 2025, 9:05 pm; Request Data : L903955|email:demo@demo.com|test|T|63773|485.00|INR|https://app.iritaq.info/user/user/response|FIRST_485.00_0.0||1234567890|2025-01-25|470|19872627|1002627522EVEKBG|7553380127SXSDQU||https://www.tpsl-india.in/PaymentGateway/TransactionDetailsNew.wsdl
Name : test; Date : January 25, 2025, 9:07 pm; Request Data : L903955|email:demo@demo.com|test|T|225782|440.00|INR|https://app.iritaq.info/user/user/response|FIRST_440.00_0.0||1234567890|2025-01-25|470|19872627|1002627522EVEKBG|7553380127SXSDQU||https://www.tpsl-india.in/PaymentGateway/TransactionDetailsNew.wsdl
Name : test; Date : January 25, 2025, 9:09 pm; Request Data : L903955|email:demo@demo.com|test|T|389661|485.00|INR|https://app.iritaq.info/user/user/response|FIRST_485.00_0.0||1234567890|2025-01-25|470|19872627|1002627522EVEKBG|7553380127SXSDQU||https://www.tpsl-india.in/PaymentGateway/TransactionDetailsNew.wsdl
Name : test; Date : January 25, 2025, 9:14 pm; Request Data : L903955|email:demo@demo.com|test|T|104460|465.00|INR|https://app.iritaq.info/user/user/response|FIRST_465.00_0.0||1234567890|2025-01-25|470|19872627|1002627522EVEKBG|7553380127SXSDQU||https://www.tpsl-india.in/PaymentGateway/TransactionDetailsNew.wsdl
Name : test; Date : January 25, 2025, 9:20 pm; Request Data : L903955|email:demo@demo.com|test|T|945344|485.00|INR|https://app.iritaq.info/user/user/response|FIRST_485.00_0.0||1234567890|2025-01-25|470|19872627|1002627522EVEKBG|7553380127SXSDQU||https://www.tpsl-india.in/PaymentGateway/TransactionDetailsNew.wsdl
Name : test; Date : January 25, 2025, 9:22 pm; Request Data : L903955|email:demo@demo.com|test|T|33198|485.00|INR|https://app.iritaq.info/user/user/response|FIRST_485.00_0.0||1234567890|2025-01-25|470|19872627|1002627522EVEKBG|7553380127SXSDQU||https://www.tpsl-india.in/PaymentGateway/TransactionDetailsNew.wsdl
Name : test; Date : January 25, 2025, 9:23 pm; Request Data : L903955|email:demo@demo.com|test|T|513860|485.00|INR|https://app.iritaq.info/user/user/response|FIRST_485.00_0.0||1234567890|2025-01-25|470|19872627|1002627522EVEKBG|7553380127SXSDQU||https://www.tpsl-india.in/PaymentGateway/TransactionDetailsNew.wsdl
Name : test; Date : January 25, 2025, 9:23 pm; Request Data : L903955|email:demo@demo.com|test|T|513860|485.00|INR|https://app.iritaq.info/user/user/response|FIRST_485.00_0.0||1234567890|2025-01-25|470|19872627|1002627522EVEKBG|7553380127SXSDQU||https://www.tpsl-india.in/PaymentGateway/TransactionDetailsNew.wsdl
Name : test; Date : January 25, 2025, 9:24 pm; Request Data : L903955|email:demo@demo.com|test|T|716776|485.00|INR|https://app.iritaq.info/user/user/response|FIRST_485.00_0.0||1234567890|2025-01-25|470|19872627|1002627522EVEKBG|7553380127SXSDQU||https://www.tpsl-india.in/PaymentGateway/TransactionDetailsNew.wsdl
Name : test; Date : January 25, 2025, 9:26 pm; Request Data : L903955|email:demo@demo.com|test|T|173313|485.00|INR|https://app.iritaq.info/user/user/response|FIRST_485.00_0.0||1234567890|2025-01-25|470|19872627|1002627522EVEKBG|7553380127SXSDQU||https://www.tpsl-india.in/PaymentGateway/TransactionDetailsNew.wsdl
Name : test; Date : January 25, 2025, 9:26 pm; Request Data : L903955|email:demo@demo.com|test|T|173313|485.00|INR|https://app.iritaq.info/user/user/response|FIRST_485.00_0.0||1234567890|2025-01-25|470|19872627|1002627522EVEKBG|7553380127SXSDQU||https://www.tpsl-india.in/PaymentGateway/TransactionDetailsNew.wsdl
Name : test; Date : January 25, 2025, 9:26 pm; Request Data : L903955|email:demo@demo.com|test|T|191866|485.00|INR|https://app.iritaq.info/user/user/response|FIRST_485.00_0.0||1234567890|2025-01-25|470|19872627|1002627522EVEKBG|7553380127SXSDQU||https://www.tpsl-india.in/PaymentGateway/TransactionDetailsNew.wsdl
Name : test; Date : January 25, 2025, 9:28 pm; Request Data : L903955|email:demo@demo.com|test|T|823570|485.00|INR|https://app.iritaq.info/user/user/response|FIRST_485.00_0.0||1234567890|2025-01-25|470|19872627|1002627522EVEKBG|7553380127SXSDQU||https://www.tpsl-india.in/PaymentGateway/TransactionDetailsNew.wsdl
Name : test; Date : January 25, 2025, 9:29 pm; Request Data : L903955|email:demo@demo.com|test|T|284051|485.00|INR|https://app.iritaq.info/user/user/response|FIRST_485.00_0.0||1234567890|2025-01-25|470|19872627|1002627522EVEKBG|7553380127SXSDQU||https://www.tpsl-india.in/PaymentGateway/TransactionDetailsNew.wsdl
Name : test; Date : January 25, 2025, 9:30 pm; Request Data : L903955|email:demo@demo.com|test|T|618816|485.00|INR|https://app.iritaq.info/user/user/response|FIRST_485.00_0.0||1234567890|2025-01-25|470|19872627|1002627522EVEKBG|7553380127SXSDQU||https://www.tpsl-india.in/PaymentGateway/TransactionDetailsNew.wsdl
Name : test; Date : January 25, 2025, 9:31 pm; Request Data : L903955|email:demo@demo.com|test|T|536804|485.00|INR|https://app.iritaq.info/user/user/response|FIRST_485.00_0.0||1234567890|2025-01-25|470|19872627|1002627522EVEKBG|7553380127SXSDQU||https://www.tpsl-india.in/PaymentGateway/TransactionDetailsNew.wsdl
Name : test; Date : January 25, 2025, 9:32 pm; Request Data : L903955|email:demo@demo.com|test|T|207883|505.00|INR|https://app.iritaq.info/user/user/response|FIRST_505.00_0.0||1234567890|2025-01-25|470|19872627|1002627522EVEKBG|7553380127SXSDQU||https://www.tpsl-india.in/PaymentGateway/TransactionDetailsNew.wsdl
Name : test; Date : January 25, 2025, 9:43 pm; Request Data : L903955|email:demo@demo.com|test|T|87645|505.00|INR|https://app.iritaq.info/user/user/response|FIRST_505.00_0.0||1234567890|2025-01-25|470|19872627|1002627522EVEKBG|7553380127SXSDQU||https://www.tpsl-india.in/PaymentGateway/TransactionDetailsNew.wsdl
Name : test; Date : January 25, 2025, 10:51 pm; Request Data : L903955|email:demo@demo.com|test|T|70239|505.00|INR|https://app.iritaq.info/user/user/response|FIRST_505.00_0.0||1234567890|2025-01-25|470|19872627|1002627522EVEKBG|7553380127SXSDQU||https://www.tpsl-india.in/PaymentGateway/TransactionDetailsNew.wsdl
Name : test; Date : January 25, 2025, 11:02 pm; Request Data : L903955|email:demo@demo.com|test|T|587852|485.00|INR|https://app.iritaq.info/user/user/response|FIRST_485.00_0.0||1234567890|2025-01-25|470|19872627|1002627522EVEKBG|7553380127SXSDQU||https://www.tpsl-india.in/PaymentGateway/TransactionDetailsNew.wsdl
Name : test; Date : January 25, 2025, 11:11 pm; Request Data : L903955|email:demo@demo.com|test|T|498331|505.00|INR|https://app.iritaq.info/user/user/response|FIRST_505.00_0.0||1234567890|2025-01-25|470|19872627|1002627522EVEKBG|7553380127SXSDQU||https://www.tpsl-india.in/PaymentGateway/TransactionDetailsNew.wsdl
Name : test; Date : January 25, 2025, 11:14 pm; Request Data : L903955|email:demo@demo.com|test|T|640702|465.00|INR|https://app.iritaq.info/user/user/response|FIRST_465.00_0.0||1234567890|2025-01-25|470|19872627|1002627522EVEKBG|7553380127SXSDQU||https://www.tpsl-india.in/PaymentGateway/TransactionDetailsNew.wsdl
Name : test; Date : January 25, 2025, 11:17 pm; Request Data : L903955|email:demo@demo.com|test|T|806311|505.00|INR|https://app.iritaq.info/user/user/response|FIRST_505.00_0.0||1234567890|2025-01-25|470|19872627|1002627522EVEKBG|7553380127SXSDQU||https://www.tpsl-india.in/PaymentGateway/TransactionDetailsNew.wsdl
Name : test; Date : January 25, 2025, 11:17 pm; Request Data : L903955|email:demo@demo.com|test|T|317874|485.00|INR|https://app.iritaq.info/user/user/response|FIRST_485.00_0.0||1234567890|2025-01-25|470|19872627|1002627522EVEKBG|7553380127SXSDQU||https://www.tpsl-india.in/PaymentGateway/TransactionDetailsNew.wsdl
Name : test; Date : January 25, 2025, 11:22 pm; Request Data : L903955|email:demo@demo.com|test|T|577827|485.00|INR|https://app.iritaq.info/user/user/response|FIRST_485.00_0.0||1234567890|2025-01-25|470|19872627|1002627522EVEKBG|7553380127SXSDQU||https://www.tpsl-india.in/PaymentGateway/TransactionDetailsNew.wsdl
Name : test; Date : January 25, 2025, 11:30 pm; Request Data : L903955|email:demo@demo.com|test|T|642203|505.00|INR|https://app.iritaq.info/user/user/response|FIRST_505.00_0.0||1234567890|2025-01-25|470|19872627|1002627522EVEKBG|7553380127SXSDQU||https://www.tpsl-india.in/PaymentGateway/TransactionDetailsNew.wsdl
Name : test; Date : January 25, 2025, 11:32 pm; Request Data : L903955|email:demo@demo.com|test|T|36376|505.00|INR|https://app.iritaq.info/user/user/response|FIRST_505.00_0.0||1234567890|2025-01-25|470|19872627|1002627522EVEKBG|7553380127SXSDQU||https://www.tpsl-india.in/PaymentGateway/TransactionDetailsNew.wsdl
Name : test; Date : January 25, 2025, 11:33 pm; Request Data : L903955|email:demo@demo.com|test|T|548396|465.00|INR|https://app.iritaq.info/user/user/response|FIRST_465.00_0.0||1234567890|2025-01-25|470|19872627|1002627522EVEKBG|7553380127SXSDQU||https://www.tpsl-india.in/PaymentGateway/TransactionDetailsNew.wsdl
Name : test; Date : January 25, 2025, 11:33 pm; Request Data : L903955|email:demo@demo.com|test|T|548396|465.00|INR|https://app.iritaq.info/user/user/response|FIRST_465.00_0.0||1234567890|2025-01-25|470|19872627|1002627522EVEKBG|7553380127SXSDQU||https://www.tpsl-india.in/PaymentGateway/TransactionDetailsNew.wsdl
Name : test; Date : January 25, 2025, 11:36 pm; Request Data : L903955|email:demo@demo.com|test|T|844916|465.00|INR|https://app.iritaq.info/user/user/response|FIRST_465.00_0.0||1234567890|2025-01-25|470|19872627|1002627522EVEKBG|7553380127SXSDQU||https://www.tpsl-india.in/PaymentGateway/TransactionDetailsNew.wsdl
