Name : ; Date : January 27, 2025, 2:11 pm; Request Data : |||||500.00|||||||||1002627522EVEKBG|7553380127SXSDQU||
Name : test; Date : January 27, 2025, 2:12 pm; Request Data : L903955|email:demo@demo.com|test|T|182407|4.00|INR|https://app.iritaq.info/user/user/response|FIRST_4.00_0.0||1234567890|2025-01-27|470|19872627|1002627522EVEKBG|7553380127SXSDQU||https://www.tpsl-india.in/PaymentGateway/TransactionDetailsNew.wsdl
Name : ; Date : January 27, 2025, 2:14 pm; Request Data : |||||500.00|||||||||1002627522EVEKBG|7553380127SXSDQU||
 Date : January 27, 2025, 2:19 pm; Request Data : |||||500.00|||||||||1002627522EVEKBG|7553380127SXSDQU||
 Date : January 27, 2025, 2:23 pm; Request Data : |||||500.00|||||||||1002627522EVEKBG|7553380127SXSDQU||
 Date : January 27, 2025, 2:24 pm; Request Data : |||||500.00|||||||||1002627522EVEKBG|7553380127SXSDQU||
 Date : January 27, 2025, 2:27 pm; Request Data : |||||500.00|||||||||1002627522EVEKBG|7553380127SXSDQU||
 Date : January 27, 2025, 2:30 pm; Request Data : |||||500.00|||||||||1002627522EVEKBG|7553380127SXSDQU||
 Date : January 27, 2025, 2:30 pm; Request Data : |||||500.00|||||||||1002627522EVEKBG|7553380127SXSDQU||
 Date : January 27, 2025, 2:34 pm; Request Data : |||||500.00|||||||||1002627522EVEKBG|7553380127SXSDQU||
 Date : January 27, 2025, 2:34 pm; Request Data : |||||500.00|||||||||1002627522EVEKBG|7553380127SXSDQU||
 Date : January 27, 2025, 2:35 pm; Request Data : |||||500.00|||||||||1002627522EVEKBG|7553380127SXSDQU||
Name : ; Date : January 27, 2025, 2:43 pm; Request Data : |||||||||||||||||
Name : ; Date : January 27, 2025, 2:45 pm; Request Data : ||||||||||||||1002627522EVEKBG|7553380127SXSDQU||
Name : ; Date : January 27, 2025, 2:52 pm; Request Data : ||||||||||||||1002627522EVEKBG|7553380127SXSDQU||
Name : ; Date : January 27, 2025, 2:55 pm; Request Data : ||||||||||||||1002627522EVEKBG|7553380127SXSDQU||
Name : ; Date : January 27, 2025, 3:11 pm; Request Data : ||||||||||||||1002627522EVEKBG|7553380127SXSDQU||
Name : ; Date : January 27, 2025, 3:11 pm; Request Data : ||||||||||||||1002627522EVEKBG|7553380127SXSDQU||
Name : ; Date : January 27, 2025, 3:19 pm; Request Data : ||||||||||||||1002627522EVEKBG|7553380127SXSDQU||
Name : ; Date : January 27, 2025, 3:21 pm; Request Data : ||||||||||||||1002627522EVEKBG|7553380127SXSDQU||
Name : ; Date : January 27, 2025, 3:21 pm; Request Data : ||||||||||||||1002627522EVEKBG|7553380127SXSDQU||
Name : ; Date : January 27, 2025, 3:21 pm; Request Data : ||||||||||||||1002627522EVEKBG|7553380127SXSDQU||
Name : ; Date : January 27, 2025, 3:22 pm; Request Data : ||||||||||||||1002627522EVEKBG|7553380127SXSDQU||
Name : ; Date : January 27, 2025, 4:13 pm; Request Data : ||||||||||||||1002627522EVEKBG|7553380127SXSDQU||
Name : ; Date : January 27, 2025, 4:20 pm; Request Data : ||||||||||||||1002627522EVEKBG|7553380127SXSDQU||
Name : ; Date : January 27, 2025, 4:24 pm; Request Data : ||||||||||||||1002627522EVEKBG|7553380127SXSDQU||
Name : test; Date : January 27, 2025, 4:46 pm; Request Data : L903955|email:demo@demo.com|test|T|818469|NaN|INR|https://app.iritaq.info/user/user/response|FIRST_NaN_0.0||1234567890|2025-01-27|470|19872627|1002627522EVEKBG|7553380127SXSDQU||https://www.tpsl-india.in/PaymentGateway/TransactionDetailsNew.wsdl
Name : test; Date : January 27, 2025, 4:46 pm; Request Data : L903955|email:demo@demo.com|test|T|696749|4.00|INR|https://app.iritaq.info/user/user/response|FIRST_4.00_0.0||1234567890|2025-01-27|470|19872627|1002627522EVEKBG|7553380127SXSDQU||https://www.tpsl-india.in/PaymentGateway/TransactionDetailsNew.wsdl
Name : test; Date : January 27, 2025, 5:10 pm; Request Data : L903955|email:demo@demo.com|test|T|253325|585.00|INR|https://app.iritaq.info/user/user/response|FIRST_585.00_0.0||1234567890|2025-01-27|470|19872627|1002627522EVEKBG|7553380127SXSDQU||https://www.tpsl-india.in/PaymentGateway/TransactionDetailsNew.wsdl
Name : test; Date : January 27, 2025, 5:12 pm; Request Data : L903955|email:demo@demo.com|test|T|970508|585.00|INR|https://app.iritaq.info/user/user/response|FIRST_585.00_0.0||1234567890|2025-01-27|470|19872627|1002627522EVEKBG|7553380127SXSDQU||https://www.tpsl-india.in/PaymentGateway/TransactionDetailsNew.wsdl
Name : test; Date : January 27, 2025, 5:12 pm; Request Data : L903955|email:demo@demo.com|test|T|970508|585.00|INR|https://app.iritaq.info/user/user/response|FIRST_585.00_0.0||1234567890|2025-01-27|470|19872627|1002627522EVEKBG|7553380127SXSDQU||https://www.tpsl-india.in/PaymentGateway/TransactionDetailsNew.wsdl
Name : test; Date : January 27, 2025, 5:16 pm; Request Data : L903955|email:demo@demo.com|test|T|157286|585.00|INR|https://app.iritaq.info/user/user/response|FIRST_585.00_0.0||1234567890|2025-01-27|470|19872627|1002627522EVEKBG|7553380127SXSDQU||https://www.tpsl-india.in/PaymentGateway/TransactionDetailsNew.wsdl
Name : test; Date : January 27, 2025, 5:22 pm; Request Data : L903955|email:demo@demo.com|test|T|600554|585.00|INR|https://app.iritaq.info/user/user/response|FIRST_585.00_0.0||1234567890|2025-01-27|470|19872627|1002627522EVEKBG|7553380127SXSDQU||https://www.tpsl-india.in/PaymentGateway/TransactionDetailsNew.wsdl
Name : test; Date : January 27, 2025, 5:22 pm; Request Data : L903955|email:demo@demo.com|test|T|600554|585.00|INR|https://app.iritaq.info/user/user/response|FIRST_585.00_0.0||1234567890|2025-01-27|470|19872627|1002627522EVEKBG|7553380127SXSDQU||https://www.tpsl-india.in/PaymentGateway/TransactionDetailsNew.wsdl
Name : test; Date : January 27, 2025, 5:25 pm; Request Data : L903955|email:demo@demo.com|test|T|756969|585.00|INR|https://app.iritaq.info/user/user/response|FIRST_585.00_0.0||1234567890|2025-01-27|470|19872627|1002627522EVEKBG|7553380127SXSDQU||https://www.tpsl-india.in/PaymentGateway/TransactionDetailsNew.wsdl
Name : test; Date : January 27, 2025, 5:35 pm; Request Data : L903955|email:demo@demo.com|test|T|671849|585.00|INR|https://app.iritaq.info/user/user/response|FIRST_585.00_0.0||1234567890|2025-01-27|470|19872627|1002627522EVEKBG|7553380127SXSDQU||https://www.tpsl-india.in/PaymentGateway/TransactionDetailsNew.wsdl
Name : test; Date : January 27, 2025, 9:42 pm; Request Data : L903955|email:demo@demo.com|test|T|58258|605.00|INR|https://app.iritaq.info/user/user/response|FIRST_605.00_0.0||1234567890|2025-01-27|470|19872627|1002627522EVEKBG|7553380127SXSDQU||https://www.tpsl-india.in/PaymentGateway/TransactionDetailsNew.wsdl
Name : test; Date : January 27, 2025, 9:43 pm; Request Data : L903955|email:demo@demo.com|test|T|731183|440.00|INR|https://app.iritaq.info/user/user/response|FIRST_440.00_0.0||1234567890|2025-01-27|470|19872627|1002627522EVEKBG|7553380127SXSDQU||https://www.tpsl-india.in/PaymentGateway/TransactionDetailsNew.wsdl
Name : test; Date : January 27, 2025, 9:47 pm; Request Data : L903955|email:demo@demo.com|test|T|370961|605.00|INR|https://app.iritaq.info/user/user/response|FIRST_605.00_0.0||1234567890|2025-01-27|470|19872627|1002627522EVEKBG|7553380127SXSDQU||https://www.tpsl-india.in/PaymentGateway/TransactionDetailsNew.wsdl
Name : test; Date : January 27, 2025, 10:10 pm; Request Data : L903955|email:demo@demo.com|test|T|751110|585.00|INR|https://app.iritaq.info/user/user/response|FIRST_585.00_0.0||1234567890|2025-01-27|470|19872627|1002627522EVEKBG|7553380127SXSDQU||https://www.tpsl-india.in/PaymentGateway/TransactionDetailsNew.wsdl
Name : test; Date : January 27, 2025, 10:14 pm; Request Data : L903955|email:demo@demo.com|test|T|201099|440.00|INR|https://app.iritaq.info/user/user/response|FIRST_440.00_0.0||1234567890|2025-01-27|470|19872627|1002627522EVEKBG|7553380127SXSDQU||https://www.tpsl-india.in/PaymentGateway/TransactionDetailsNew.wsdl
